<html>
<body>
<pre>
<h1>µVision Build Log</h1>
<h2>Tool Versions:</h2>
IDE-Version: £gVision V5.33.0.0
Copyright (C) 2020 ARM Ltd and ARM Germany GmbH. All rights reserved.
License Information: paula yang, nsysu, LIC=JGX3V-88FXS-MBPED-L3VC4-WVZY4-PT1SI
 
Tool Versions:
Toolchain:       MDK-ARM Community  Version: 5.33.0.0
Toolchain Path:  C:\Keil_v5\ARM\ARMCC\Bin
C Compiler:      Armcc.exe V5.06 update 7 (build 960)
Assembler:       Armasm.exe V5.06 update 7 (build 960)
Linker/Locator:  ArmLink.exe V5.06 update 7 (build 960)
Library Manager: ArmAr.exe V5.06 update 7 (build 960)
Hex Converter:   FromElf.exe V5.06 update 7 (build 960)
CPU DLL:         SARMCM3.DLL V5.33.0.0
Dialog DLL:      DCM.DLL V1.17.3.0
Target DLL:      NULink\Nu_Link.dll V3.04
Dialog DLL:      TCM.DLL V1.48.0.0
 
<h2>Project:</h2>
C:\lab2\lab2.uvprojx
Project File Date:  03/18/2024

<h2>Output:</h2>
*** Using Compiler 'V5.06 update 7 (build 960)', folder: 'C:\Keil_v5\ARM\ARMCC\Bin'
Rebuild target 'Target 1'
compiling eadc.c...
compiling clk.c...
compiling main.c...
compiling gpio.c...
compiling ebi.c...
compiling GUI_X.c...
compiling fmc.c...
compiling GUIConf.c...
compiling myGUI.c...
compiling sdh.c...
compiling LCDConf.c...
compiling uart.c...
compiling sys.c...
compiling timer.c...
compiling system_init.c...
compiling tmr.c...
assembling startup_M480.s...
compiling display.c...
compiling retarget.c...
compiling system_M480.c...
linking...
Program Size: Code=35572 RO-data=6492 RW-data=468 ZI-data=68364  
".\Objects\lab2.axf" - 0 Error(s), 0 Warning(s).

<h2>Software Packages used:</h2>

Package Vendor: ARM
                http://www.keil.com/pack/ARM.CMSIS.5.7.0.pack
                ARM.CMSIS.5.7.0
                CMSIS (Cortex Microcontroller Software Interface Standard)
   * Component: CORE Version: 5.4.0

Package Vendor: Nuvoton
                https://github.com/OpenNuvoton/cmsis-packs/raw/master/Nuvoton_DFP/Nuvoton.NuMicro_DFP.1.3.23.pack
                Nuvoton.NuMicro_DFP.1.3.23
                Nuvoton ARM Cortex-M NuMicro Family Device Support
   * Component: Startup Version: 0.00.001

<h2>Collection of Component include folders:</h2>
  .\RTE\_Target_1
  C:\Keil_v5\ARM\PACK\ARM\CMSIS\5.7.0\CMSIS\Core\Include
  C:\Keil_v5\ARM\PACK\Nuvoton\NuMicro_DFP\1.3.23\Device\M480\Include
  C:\Keil_v5\ARM\PACK\Nuvoton\NuMicro_DFP\1.3.23\Device\M480\StdDriver\inc

<h2>Collection of Component Files used:</h2>

   * Component: ARM::CMSIS:CORE:5.4.0

   * Component: Nuvoton::Device:Startup:0.00.001
      Source file:   Device\M480\StdDriver\src\retarget.c
      Source file:   Device\M480\Source\ARM\startup_M480.s
      Source file:   Device\M480\Source\system_M480.c
      Include file:  Device\M480\Include\M480.h
Build Time Elapsed:  00:00:13
</pre>
</body>
</html>
