Component: ARM Compiler 5.06 update 7 (build 960) Tool: armlink [4d3601]

==============================================================================

Section Cross References

    main.o(i.GPIO_init) refers to gpio.o(i.GPIO_SetMode) for GPIO_SetMode
    main.o(i.JoyStick) refers to main.o(.data) for timecount
    main.o(i.LED_showing) refers to main.o(.data) for timecount
    main.o(i.clock_init) refers to main.o(.data) for sec
    main.o(i.clock_tick) refers to main.o(.data) for timecount
    main.o(i.main) refers to _printf_pad.o(.text) for _printf_pre_padding
    main.o(i.main) refers to _printf_percent.o(.ARM.Collect$$_printf_percent$$00000000) for _printf_percent
    main.o(i.main) refers to _printf_d.o(.ARM.Collect$$_printf_percent$$00000009) for _printf_d
    main.o(i.main) refers to _printf_dec.o(.text) for _printf_int_dec
    main.o(i.main) refers to _printf_f.o(.ARM.Collect$$_printf_percent$$00000003) for _printf_f
    main.o(i.main) refers to printf1.o(x$fpl$printf1) for _printf_fp_dec
    main.o(i.main) refers to system_init.o(i.SYS_Init) for SYS_Init
    main.o(i.main) refers to tmr.o(i.TMR0_Initial) for TMR0_Initial
    main.o(i.main) refers to main.o(i.clock_init) for clock_init
    main.o(i.main) refers to main.o(i.GPIO_init) for GPIO_init
    main.o(i.main) refers to display.o(i.Display_Init) for Display_Init
    main.o(i.main) refers to main.o(i.JoyStick) for JoyStick
    main.o(i.main) refers to main.o(i.LED_showing) for LED_showing
    main.o(i.main) refers to main.o(i.clock_tick) for clock_tick
    main.o(i.main) refers to noretval__2sprintf.o(.text) for __2sprintf
    main.o(i.main) refers to dflt_clz.o(x$fpl$dfltu) for __aeabi_ui2d
    main.o(i.main) refers to ddiv.o(x$fpl$ddiv) for __aeabi_ddiv
    main.o(i.main) refers to display.o(i.Display_buf) for Display_buf
    main.o(i.main) refers to main.o(.data) for JSUnion
    clk.o(i.CLK_DisableCKO) refers to clk.o(i.CLK_DisableModuleClock) for CLK_DisableModuleClock
    clk.o(i.CLK_EnableCKO) refers to clk.o(i.CLK_EnableModuleClock) for CLK_EnableModuleClock
    clk.o(i.CLK_EnableCKO) refers to clk.o(i.CLK_SetModuleClock) for CLK_SetModuleClock
    clk.o(i.CLK_EnablePLL) refers to clk.o(i.CLK_DisablePLL) for CLK_DisablePLL
    clk.o(i.CLK_EnablePLL) refers to clk.o(i.CLK_WaitClockReady) for CLK_WaitClockReady
    clk.o(i.CLK_EnablePLL) refers to clk.o(i.CLK_GetPLLClockFreq) for CLK_GetPLLClockFreq
    clk.o(i.CLK_GetCPUFreq) refers to system_m480.o(i.SystemCoreClockUpdate) for SystemCoreClockUpdate
    clk.o(i.CLK_GetCPUFreq) refers to system_m480.o(.data) for SystemCoreClock
    clk.o(i.CLK_GetHCLKFreq) refers to system_m480.o(i.SystemCoreClockUpdate) for SystemCoreClockUpdate
    clk.o(i.CLK_GetHCLKFreq) refers to system_m480.o(.data) for SystemCoreClock
    clk.o(i.CLK_GetModuleClockDivider) refers to clk.o(.constdata) for .constdata
    clk.o(i.CLK_GetModuleClockSource) refers to clk.o(.constdata) for .constdata
    clk.o(i.CLK_GetPCLK0Freq) refers to system_m480.o(i.SystemCoreClockUpdate) for SystemCoreClockUpdate
    clk.o(i.CLK_GetPCLK0Freq) refers to system_m480.o(.data) for SystemCoreClock
    clk.o(i.CLK_GetPCLK1Freq) refers to system_m480.o(i.SystemCoreClockUpdate) for SystemCoreClockUpdate
    clk.o(i.CLK_GetPCLK1Freq) refers to system_m480.o(.data) for SystemCoreClock
    clk.o(i.CLK_SetCoreClock) refers to clk.o(i.CLK_WaitClockReady) for CLK_WaitClockReady
    clk.o(i.CLK_SetCoreClock) refers to clk.o(i.CLK_EnablePLL) for CLK_EnablePLL
    clk.o(i.CLK_SetCoreClock) refers to clk.o(i.CLK_SetHCLK) for CLK_SetHCLK
    clk.o(i.CLK_SetHCLK) refers to clk.o(i.CLK_WaitClockReady) for CLK_WaitClockReady
    clk.o(i.CLK_SetHCLK) refers to system_m480.o(i.SystemCoreClockUpdate) for SystemCoreClockUpdate
    clk.o(i.CLK_SetPowerDownMode) refers to clk.o(i.CLK_WaitClockReady) for CLK_WaitClockReady
    fmc.o(i.FMC_Erase) refers to fmc.o(i.FMC_Erase_SPROM) for FMC_Erase_SPROM
    fmc.o(i.FMC_ReadConfig) refers to fmc.o(i.FMC_Read) for FMC_Read
    fmc.o(i.FMC_SetSPKey) refers to fmc.o(i.FMC_Erase) for FMC_Erase
    fmc.o(i.FMC_SetSPKey) refers to fmc.o(i.FMC_Write) for FMC_Write
    fmc.o(i.FMC_WriteConfig) refers to fmc.o(i.FMC_Erase) for FMC_Erase
    fmc.o(i.FMC_WriteConfig) refers to fmc.o(i.FMC_Write) for FMC_Write
    gui_x.o(i.GUI_X_Delay) refers to gui_x.o(.data) for OS_TimeMS
    gui_x.o(i.GUI_X_GetTime) refers to gui_x.o(.data) for OS_TimeMS
    guiconf.o(i.GUI_X_Config) refers to GUI_Alloc.o(i.GUI_ALLOC_AssignMemory) for GUI_ALLOC_AssignMemory
    guiconf.o(i.GUI_X_Config) refers to GUI_Core.o(i.GUI_SetDefaultFont) for GUI_SetDefaultFont
    guiconf.o(i.GUI_X_Config) refers to guiconf.o(.bss) for aMemory
    guiconf.o(i.GUI_X_Config) refers to F6x8.o(.constdata) for GUI_Font6x8
    lcdconf.o(i.CLK_SysTickDelay) refers to system_m480.o(.data) for CyclesPerUs
    lcdconf.o(i.EBI_FuncPinInit) refers to gpio.o(i.GPIO_SetMode) for GPIO_SetMode
[...]
    LCD_X_Config                             0x00004bfd   Thumb Code   120  lcdconf.o(i.LCD_X_Config)
    LCD_X_DisplayDriver                      0x00004c99   Thumb Code    36  lcdconf.o(i.LCD_X_DisplayDriver)
    LCD__DrawBitmap_1bpp                     0x00004cbd   Thumb Code   496  LCD.o(i.LCD__DrawBitmap_1bpp)
    LCD__GetBPPDevice                        0x00004eb9   Thumb Code   142  LCD_GetEx.o(i.LCD__GetBPPDevice)
    LED_showing                              0x00004f49   Thumb Code    70  main.o(i.LED_showing)
    SYS_Init                                 0x00004fd1   Thumb Code    96  system_init.o(i.SYS_Init)
    SystemCoreClockUpdate                    0x00005079   Thumb Code    74  system_m480.o(i.SystemCoreClockUpdate)
    SystemInit                               0x000050dd   Thumb Code   130  system_m480.o(i.SystemInit)
    TMR0_IRQHandler                          0x00005171   Thumb Code    36  tmr.o(i.TMR0_IRQHandler)
    TMR0_Initial                             0x0000519d   Thumb Code   146  tmr.o(i.TMR0_Initial)
    WM_Activate                              0x0000523d   Thumb Code    12  WM.o(i.WM_Activate)
    WM_BringToBottom                         0x0000524d   Thumb Code   140  WM_Lib.o(i.WM_BringToBottom)
    WM_CreateWindowAsChild                   0x000052d9   Thumb Code   348  WM.o(i.WM_CreateWindowAsChild)
    WM_DefaultProc                           0x00005445   Thumb Code    68  WM.o(i.WM_DefaultProc)
    WM_GetDesktopWindow                      0x0000548d   Thumb Code     6  WM_Lib.o(i.WM_GetDesktopWindow)
    WM_GetFirstChild                         0x00005499   Thumb Code    16  WM_Lib.o(i.WM_GetFirstChild)
    WM_GetParent                             0x000054a9   Thumb Code    16  WM_Lib.o(i.WM_GetParent)
    WM_Init                                  0x000054b9   Thumb Code   152  WM.o(i.WM_Init)
    WM_InvalidateRect                        0x00005579   Thumb Code   208  WM.o(i.WM_InvalidateRect)
    WM_InvalidateWindowAndDescsEx            0x0000564d   Thumb Code   110  WM.o(i.WM_InvalidateWindowAndDescsEx)
    WM_SendToParent                          0x000056bb   Thumb Code    38  WM_Lib.o(i.WM_SendToParent)
    WM__ActivateClipRect                     0x000056e1   Thumb Code   194  WM.o(i.WM__ActivateClipRect)
    WM__AddCriticalHandle                    0x000057b1   Thumb Code    10  WM__Private.o(i.WM__AddCriticalHandle)
    WM__ClipAtParentBorders                  0x000057c1   Thumb Code    78  WM.o(i.WM__ClipAtParentBorders)
    WM__GetClientRectEx                      0x00005815   Thumb Code    32  WM__Private.o(i.WM__GetClientRectEx)
    WM__GetClientRectWin                     0x00005835   Thumb Code    24  WM.o(i.WM__GetClientRectWin)
    WM__GetNextIVR                           0x0000584d   Thumb Code   818  WM.o(i.WM__GetNextIVR)
    WM__GetPrevSibling                       0x00005b89   Thumb Code    48  WM__Private.o(i.WM__GetPrevSibling)
    WM__InitIVRSearch                        0x00005bb9   Thumb Code   246  WM.o(i.WM__InitIVRSearch)
    WM__InsertWindowIntoList                 0x00005cbd   Thumb Code   182  WM.o(i.WM__InsertWindowIntoList)
    WM__InvalidateDrawAndDescs               0x00005d75   Thumb Code    84  WM.o(i.WM__InvalidateDrawAndDescs)
    WM__InvalidateRect                       0x00005dcd   Thumb Code   210  WM.o(i.WM__InvalidateRect)
    WM__InvalidateRectEx                     0x00005e9f   Thumb Code     6  WM.o(i.WM__InvalidateRectEx)
    WM__SendMessage                          0x00005ea5   Thumb Code    56  WM__Private.o(i.WM__SendMessage)
    __ARM_fpclassify                         0x00008611   Thumb Code    48  fpclassify.o(i.__ARM_fpclassify)
    _is_digit                                0x000086c5   Thumb Code    14  __printf_wp.o(i._is_digit)
    clock_init                               0x000086d5   Thumb Code    16  main.o(i.clock_init)
    clock_tick                               0x000086f1   Thumb Code    98  main.o(i.clock_tick)
    ferror                                   0x00008769   Thumb Code     8  retarget.o(i.ferror)
    fputc                                    0x00008771   Thumb Code    16  retarget.o(i.fputc)
    main                                     0x00008781   Thumb Code   196  main.o(i.main)
    _get_lc_numeric                          0x00008931   Thumb Code    44  lc_numeric_c.o(locale$$code)
    __aeabi_ddiv                             0x0000895d   Thumb Code     0  ddiv.o(x$fpl$ddiv)
    _ddiv                                    0x0000895d   Thumb Code   552  ddiv.o(x$fpl$ddiv)
    __aeabi_ui2d                             0x00008c0d   Thumb Code     0  dflt_clz.o(x$fpl$dfltu)
    _dfltu                                   0x00008c0d   Thumb Code    38  dflt_clz.o(x$fpl$dfltu)
    __fpl_dnaninf                            0x00008c33   Thumb Code   156  dnaninf.o(x$fpl$dnaninf)
    __fpl_dretinf                            0x00008ccf   Thumb Code    12  dretinf.o(x$fpl$dretinf)
    _fp_init                                 0x00008cdb   Thumb Code    10  fpinit.o(x$fpl$fpinit)
    __fplib_config_fpu_vfp                   0x00008ce3   Thumb Code     0  fpinit.o(x$fpl$fpinit)
    __fplib_config_pureend_doubles           0x00008ce3   Thumb Code     0  fpinit.o(x$fpl$fpinit)
    _printf_fp_dec                           0x00008ce5   Thumb Code     4  printf1.o(x$fpl$printf1)
    LCD_API_ColorConv_565                    0x00008ce8   Data          24  GUICC_565.o(.constdata)
    __I$use$fp                               0x00008ce8   Number         0  usenofp.o(x$fpl$usenofp)
    GUIDRV_FlexColor_API                     0x00008d08   Data          52  GUIDRV_FlexColor.o(.constdata)
    GUI_Font16ASCIIProp1                     0x000097ec   Data          12  F16_ASCII.o(.constdata)
    GUI_Font16_ASCII                         0x000097f8   Data          36  F16_ASCII.o(.constdata)
    GUI_Font6x8                              0x00009f10   Data          36  F6x8.o(.constdata)
    GUI_UC_None                              0x00009f34   Data          16  GUI_UC_EncodeNone.o(.constdata)
    GUI__aConvert_31_255                     0x00009f44   Data          32  GUI__DivTbl.o(.constdata)
    GUI__aConvert_63_255                     0x00009f64   Data          64  GUI__DivTbl.o(.constdata)
    GUI__aConvert_255_31                     0x00009fa4   Data         256  GUI__DivTbl.o(.constdata)
    GUI__aConvert_255_63                     0x0000a0a4   Data         256  GUI__DivTbl.o(.constdata)
    GUI_MEMDEV_DEVICE_16                     0x0000a1f0   Data          52  GUIDEV_16.o(.constdata)
    LCD_API_ColorConv_0                      0x0000a224   Data          24  GUICC_0.o(.constdata)
    LCD_aMirror                              0x0000a23c   Data         256  LCD_Mirror.o(.constdata)
    Region$$Table$$Base                      0x0000a414   Number         0  anon$$obj.o(Region$$Table)
    Region$$Table$$Limit                     0x0000a434   Number         0  anon$$obj.o(Region$$Table)
    SpeedCtl                                 0x20000000   Data           4  main.o(.data)
    timecount                                0x20000004   Data           4  main.o(.data)
    sec                                      0x20000008   Data           4  main.o(.data)
    hour                                     0x2000000c   Data           4  main.o(.data)
    min                                      0x20000010   Data           4  main.o(.data)
    JSUnion                                  0x20000014   Data           4  main.o(.data)
    __stdout                                 0x2000002c   Data           4  retarget.o(.data)
    __stdin                                  0x20000030   Data           4  retarget.o(.data)
    SystemCoreClock                          0x20000034   Data           4  system_m480.o(.data)
    CyclesPerUs                              0x20000038   Data           4  system_m480.o(.data)
    PllClock                                 0x2000003c   Data           4  system_m480.o(.data)
    gau32ClkSrcTbl                           0x20000040   Data          32  system_m480.o(.data)
    GUI_DecChar                              0x20000064   Data           1  GUI_Core.o(.data)
    GUI__PreserveTrans                       0x20000065   Data           1  GUI_Core.o(.data)
    GUI__IsInitialized                       0x20000066   Data           1  GUI_Core.o(.data)
    GUI_pfGetpPalConvTable                   0x20000068   Data           4  GUI_Core.o(.data)
    GUI__pFontDefault                        0x2000006c   Data           4  GUI_Core.o(.data)
    GUI__ColorDefault                        0x20000070   Data           4  GUI_Core.o(.data)
    GUI__BkColorDefault                      0x20000074   Data           4  GUI_Core.o(.data)
    GUI_pContext                             0x20000078   Data           4  GUI_Core.o(.data)
    GUI_pfExecAnimations                     0x2000007c   Data           4  GUI_Core.o(.data)
    GUI_pUC_API                              0x20000080   Data           4  GUI_Core.o(.data)
    GUI_pfTimerExec                          0x20000084   Data           4  GUI_Core.o(.data)
    GUI_DCACHE__pfClearCacheHook             0x20000088   Data           4  GUI_Core.o(.data)
    GUI__apDevice                            0x2000008c   Data           4  GUI_Core.o(.data)
    GUI__pfDrawM565MemdevFunc                0x20000090   Data           4  GUI_Core.o(.data)
    GUI__pfDrawM565BitmapFunc                0x20000094   Data           4  GUI_Core.o(.data)
    GUI_pfDispCharStyle                      0x200000b4   Data           4  GUI_Core.o(.data)
    GUI_pfDispCharLine                       0x200000b8   Data           4  GUI_Core.o(.data)
    GUI__NumLayersInUse                      0x200000bc   Data           1  GUI_Core.o(.data)
    GUI_pLCD_APIList                         0x200000c0   Data           4  GUI_Core.o(.data)
    GUI_OrgX                                 0x200000c4   Data           2  GUI_Core.o(.data)
    GUI_OrgY                                 0x200000c6   Data           2  GUI_Core.o(.data)
    GUI_CharLine_pfLog2Vis                   0x200000ec   Data           4  GUI_CharLine.o(.data)
    GUI__pfMemset                            0x2000010c   Data           4  GUI__Private.o(.data)
    GUI__pfMemcpy                            0x20000110   Data           4  GUI__Private.o(.data)
    GUI__pfStrcmp                            0x20000114   Data           4  GUI__Private.o(.data)
    GUI__pfStrlen                            0x20000118   Data           4  GUI__Private.o(.data)
    GUI__pfStrcpy                            0x2000011c   Data           4  GUI__Private.o(.data)
    LCD__pSetColorAPI                        0x20000120   Data           4  LCD.o(.data)
    LCD__aConvTable                          0x2000012c   Data           4  LCD_Color.o(.data)
    WM__PaintCallbackCnt                     0x20000140   Data           1  WM.o(.data)
    WM__NumWindows                           0x20000142   Data           2  WM.o(.data)
    WM__NumInvalidWindows                    0x20000144   Data           2  WM.o(.data)
    WM__FirstWin                             0x2000014c   Data           4  WM.o(.data)
    WM__pFirstCriticalHandle                 0x20000150   Data           4  WM.o(.data)
    WM__ahDesktopWin                         0x20000154   Data           4  WM.o(.data)
    WM__aBkColor                             0x20000158   Data           4  WM.o(.data)
    WM__CreateFlags                          0x2000015c   Data           4  WM.o(.data)
    WM__ahCapture                            0x20000160   Data           4  WM.o(.data)
    WM__ahWinFocus                           0x20000164   Data           4  WM.o(.data)
    WM_pfPollPID                             0x20000168   Data           4  WM.o(.data)
    WM_MULTIBUF__pAPI                        0x2000016c   Data           4  WM.o(.data)
    WM__TransWindowCnt                       0x20000170   Data           4  WM.o(.data)
    WM__hATransWindow                        0x20000174   Data           4  WM.o(.data)
    WM__hCreateStatic                        0x20000178   Data           4  WM.o(.data)
    WM__pExecGestures                        0x2000017c   Data           4  WM.o(.data)
    WM__ModalLayer                           0x200001a4   Data           4  WM_Touch.o(.data)
    WM__aCHWinModal                          0x200001b8   Data           8  WM_Touch.o(.data)
    WM__aCHWinLast                           0x200001c0   Data           8  WM_Touch.o(.data)
    WM__aCHWinMouseOver                      0x200001c8   Data           8  WM_Touch.o(.data)
    GUI_ALLOC__Context                       0x200101d4   Data         192  GUI_Alloc.o(.bss)
    __libspace_start                         0x2001037c   Data          96  libspace.o(.bss)
    __temporary_stack_top$libspace           0x200103dc   Data           0  libspace.o(.bss)



==============================================================================

Memory Map of the image

  Image Entry point : 0x000001f5

  Load Region LR_IROM1 (Base: 0x00000000, Size: 0x0000a624, Max: 0x00080000, ABSOLUTE, COMPRESSED[0x0000a4a8])

    Execution Region ER_IROM1 (Exec base: 0x00000000, Load base: 0x00000000, Size: 0x0000a450, Max: 0x00080000, ABSOLUTE)

    Exec Addr    Load Addr    Size         Type   Attr      Idx    E Section Name        Object

    0x00000000   0x00000000   0x000001f4   Data   RO         1742    RESET               startup_m480.o
    0x000001f4   0x000001f4   0x00000008   Code   RO         3882  * !!!main             c_w.l(__main.o)
    0x000001fc   0x000001fc   0x00000034   Code   RO         4118    !!!scatter          c_w.l(__scatter.o)
    0x00000230   0x00000230   0x0000005a   Code   RO         4116    !!dczerorl2         c_w.l(__dczerorl2.o)
    0x0000028a   0x0000028a   0x00000002   PAD
    0x0000028c   0x0000028c   0x0000001c   Code   RO         4120    !!handler_zi        c_w.l(__scatter_zi.o)
    0x000002a8   0x000002a8   0x00000000   Code   RO         3861    .ARM.Collect$$_printf_percent$$00000000  c_w.l(_printf_percent.o)
    0x000002a8   0x000002a8   0x00000006   Code   RO         3860    .ARM.Collect$$_printf_percent$$00000003  c_w.l(_printf_f.o)
    0x000002ae   0x000002ae   0x00000006   Code   RO         3859    .ARM.Collect$$_printf_percent$$00000009  c_w.l(_printf_d.o)
    0x000002b4   0x000002b4   0x00000006   Code   RO         3858    .ARM.Collect$$_printf_percent$$0000000C  c_w.l(_printf_x.o)
    0x000002ba   0x000002ba   0x00000004   Code   RO         3907    .ARM.Collect$$_printf_percent$$00000017  c_w.l(_printf_percent_end.o)
    0x000002be   0x000002be   0x00000002   Code   RO         3989    .ARM.Collect$$libinit$$00000000  c_w.l(libinit.o)
    0x000002c0   0x000002c0   0x00000004   Code   RO         3990    .ARM.Collect$$libinit$$00000001  c_w.l(libinit2.o)
    0x000002c4   0x000002c4   0x00000000   Code   RO         3993    .ARM.Collect$$libinit$$00000004  c_w.l(libinit2.o)
    0x000002c4   0x000002c4   0x00000000   Code   RO         3996    .ARM.Collect$$libinit$$0000000A  c_w.l(libinit2.o)
    0x000002c4   0x000002c4   0x00000000   Code   RO         3998    .ARM.Collect$$libinit$$0000000C  c_w.l(libinit2.o)
    0x000002c4   0x000002c4   0x00000000   Code   RO         4000    .ARM.Collect$$libinit$$0000000E  c_w.l(libinit2.o)
    0x000002c4   0x000002c4   0x00000006   Code   RO         4001    .ARM.Collect$$libinit$$0000000F  c_w.l(libinit2.o)
    0x000002ca   0x000002ca   0x00000000   Code   RO         4003    .ARM.Collect$$libinit$$00000011  c_w.l(libinit2.o)
    0x000002ca   0x000002ca   0x00000000   Code   RO         4005    .ARM.Collect$$libinit$$00000013  c_w.l(libinit2.o)
    0x000002ca   0x000002ca   0x00000000   Code   RO         4007    .ARM.Collect$$libinit$$00000015  c_w.l(libinit2.o)
    0x000002ca   0x000002ca   0x0000000a   Code   RO         4008    .ARM.Collect$$libinit$$00000016  c_w.l(libinit2.o)
    0x000002d4   0x000002d4   0x00000000   Code   RO         4009    .ARM.Collect$$libinit$$00000017  c_w.l(libinit2.o)
    0x000002d4   0x000002d4   0x00000000   Code   RO         4011    .ARM.Collect$$libinit$$00000019  c_w.l(libinit2.o)
    0x000002d4   0x000002d4   0x00000000   Code   RO         4013    .ARM.Collect$$libinit$$0000001B  c_w.l(libinit2.o)
    0x000002d4   0x000002d4   0x00000000   Code   RO         4015    .ARM.Collect$$libinit$$0000001D  c_w.l(libinit2.o)
    0x000002d4   0x000002d4   0x00000000   Code   RO         4017    .ARM.Collect$$libinit$$0000001F  c_w.l(libinit2.o)
    0x000002d4   0x000002d4   0x00000000   Code   RO         4019    .ARM.Collect$$libinit$$00000021  c_w.l(libinit2.o)
    0x000002d4   0x000002d4   0x00000000   Code   RO         4021    .ARM.Collect$$libinit$$00000023  c_w.l(libinit2.o)
    0x000002d4   0x000002d4   0x00000000   Code   RO         4023    .ARM.Collect$$libinit$$00000025  c_w.l(libinit2.o)
    0x000002d4   0x000002d4   0x00000000   Code   RO         4027    .ARM.Collect$$libinit$$0000002C  c_w.l(libinit2.o)
    0x000002d4   0x000002d4   0x00000000   Code   RO         4029    .ARM.Collect$$libinit$$0000002E  c_w.l(libinit2.o)
    0x000002d4   0x000002d4   0x00000000   Code   RO         4031    .ARM.Collect$$libinit$$00000030  c_w.l(libinit2.o)
    0x000002d4   0x000002d4   0x00000000   Code   RO         4033    .ARM.Collect$$libinit$$00000032  c_w.l(libinit2.o)
    0x000002d4   0x000002d4   0x00000002   Code   RO         4034    .ARM.Collect$$libinit$$00000033  c_w.l(libinit2.o)
    0x000002d6   0x000002d6   0x00000002   Code   RO         4064    .ARM.Collect$$libshutdown$$00000000  c_w.l(libshutdown.o)
    0x000002d8   0x000002d8   0x00000000   Code   RO         4075    .ARM.Collect$$libshutdown$$00000002  c_w.l(libshutdown2.o)
    0x000002d8   0x000002d8   0x00000000   Code   RO         4077    .ARM.Collect$$libshutdown$$00000004  c_w.l(libshutdown2.o)
    0x000002d8   0x000002d8   0x00000000   Code   RO         4079    .ARM.Collect$$libshutdown$$00000006  c_w.l(libshutdown2.o)
    0x000002d8   0x000002d8   0x00000000   Code   RO         4082    .ARM.Collect$$libshutdown$$00000009  c_w.l(libshutdown2.o)
    0x000002d8   0x000002d8   0x00000000   Code   RO         4085    .ARM.Collect$$libshutdown$$0000000C  c_w.l(libshutdown2.o)
    0x000002d8   0x000002d8   0x00000000   Code   RO         4087    .ARM.Collect$$libshutdown$$0000000E  c_w.l(libshutdown2.o)
    0x000002d8   0x000002d8   0x00000000   Code   RO         4090    .ARM.Collect$$libshutdown$$00000011  c_w.l(libshutdown2.o)
    0x000002d8   0x000002d8   0x00000002   Code   RO         4091    .ARM.Collect$$libshutdown$$00000012  c_w.l(libshutdown2.o)
    0x000002da   0x000002da   0x00000000   Code   RO         3896    .ARM.Collect$$rtentry$$00000000  c_w.l(__rtentry.o)
    0x000002da   0x000002da   0x00000000   Code   RO         3920    .ARM.Collect$$rtentry$$00000002  c_w.l(__rtentry2.o)
    0x000002da   0x000002da   0x00000006   Code   RO         3932    .ARM.Collect$$rtentry$$00000004  c_w.l(__rtentry4.o)
    0x000002e0   0x000002e0   0x00000000   Code   RO         3922    .ARM.Collect$$rtentry$$00000009  c_w.l(__rtentry2.o)
    0x000002e0   0x000002e0   0x00000004   Code   RO         3923    .ARM.Collect$$rtentry$$0000000A  c_w.l(__rtentry2.o)
    0x000002e4   0x000002e4   0x00000000   Code   RO         3925    .ARM.Collect$$rtentry$$0000000C  c_w.l(__rtentry2.o)
    0x000002e4   0x000002e4   0x00000008   Code   RO         3926    .ARM.Collect$$rtentry$$0000000D  c_w.l(__rtentry2.o)
    0x000002ec   0x000002ec   0x00000002   Code   RO         4035    .ARM.Collect$$rtexit$$00000000  c_w.l(rtexit.o)
    0x000002ee   0x000002ee   0x00000000   Code   RO         4042    .ARM.Collect$$rtexit$$00000002  c_w.l(rtexit2.o)
    0x000002ee   0x000002ee   0x00000004   Code   RO         4043    .ARM.Collect$$rtexit$$00000003  c_w.l(rtexit2.o)
    0x000002f2   0x000002f2   0x00000006   Code   RO         4044    .ARM.Collect$$rtexit$$00000004  c_w.l(rtexit2.o)
    0x000002f8   0x000002f8   0x0000001c   Code   RO         1652    .emb_text           retarget.o
    0x00000314   0x00000314   0x00000084   Code   RO         1743    .text               startup_m480.o
    0x00000398   0x00000398   0x00000018   Code   RO         3807    .text               c_w.l(noretval__2printf.o)
    0x000003b0   0x000003b0   0x00000028   Code   RO         3809    .text               c_w.l(noretval__2sprintf.o)
    0x000003d8   0x000003d8   0x0000004e   Code   RO         3813    .text               c_w.l(_printf_pad.o)
    0x00000426   0x00000426   0x00000002   PAD
    0x00000428   0x00000428   0x00000078   Code   RO         3815    .text               c_w.l(_printf_dec.o)
    0x000004a0   0x000004a0   0x00000058   Code   RO         3820    .text               c_w.l(_printf_hex_int.o)
    0x000004f8   0x000004f8   0x00000138   Code   RO         3850    .text               c_w.l(__printf_flags_wp.o)
    0x00000630   0x00000630   0x00000048   Code   RO         3862    .text               c_w.l(strcpy.o)
    0x00000678   0x00000678   0x0000003e   Code   RO         3864    .text               c_w.l(strlen.o)
    0x000006b6   0x000006b6   0x00000084   Code   RO         3866    .text               c_w.l(rt_memmove_v6.o)
    0x0000073a   0x0000073a   0x00000008   Code   RO         3868    .text               c_w.l(memcpy.o)
    0x00000742   0x00000742   0x00000064   Code   RO         3870    .text               c_w.l(rt_memcpy_w.o)
    0x000007a6   0x000007a6   0x00000016   Code   RO         3872    .text               c_w.l(memset.o)
    0x000007bc   0x000007bc   0x0000004e   Code   RO         3876    .text               c_w.l(rt_memclr_w.o)
    0x0000080a   0x0000080a   0x00000002   PAD
    0x0000080c   0x0000080c   0x00000080   Code   RO         3878    .text               c_w.l(strcmpv7m.o)
    0x0000088c   0x0000088c   0x00000006   Code   RO         3880    .text               c_w.l(heapauxi.o)
    0x00000892   0x00000892   0x000000b2   Code   RO         3897    .text               c_w.l(_printf_intcommon.o)
    0x00000944   0x00000944   0x0000041e   Code   RO         3899    .text               c_w.l(_printf_fp_dec.o)
    0x00000d62   0x00000d62   0x00000002   PAD
    0x00000d64   0x00000d64   0x00000030   Code   RO         3901    .text               c_w.l(_printf_char_common.o)
    0x00000d94   0x00000d94   0x0000000a   Code   RO         3903    .text               c_w.l(_sputc.o)
    0x00000d9e   0x00000d9e   0x00000002   PAD
    0x00000da0   0x00000da0   0x00000024   Code   RO         3905    .text               c_w.l(_printf_char_file.o)
    0x00000dc4   0x00000dc4   0x0000008a   Code   RO         3908    .text               c_w.l(rt_memcpy_v6.o)
    0x00000e4e   0x00000e4e   0x0000007a   Code   RO         3910    .text               c_w.l(rt_memmove_w.o)
    0x00000ec8   0x00000ec8   0x00000044   Code   RO         3912    .text               c_w.l(rt_memclr.o)
    0x00000f0c   0x00000f0c   0x00000008   Code   RO         3937    .text               c_w.l(rt_locale_intlibspace.o)
    0x00000f14   0x00000f14   0x0000008a   Code   RO         3939    .text               c_w.l(lludiv10.o)
    0x00000f9e   0x00000f9e   0x00000002   PAD
    0x00000fa0   0x00000fa0   0x00000080   Code   RO         3941    .text               c_w.l(_printf_fp_infnan.o)
    0x00001020   0x00001020   0x000000e4   Code   RO         3945    .text               c_w.l(bigflt0.o)
    0x00001104   0x00001104   0x00000008   Code   RO         3977    .text               c_w.l(libspace.o)
    0x0000110c   0x0000110c   0x0000004a   Code   RO         3980    .text               c_w.l(sys_stackheap_outer.o)
    0x00001156   0x00001156   0x00000012   Code   RO         3982    .text               c_w.l(exit.o)
    0x00001168   0x00001168   0x0000000c   Code   RO         4054    .text               c_w.l(sys_exit.o)
    0x00001174   0x00001174   0x00000002   Code   RO         4065    .text               c_w.l(use_no_semi.o)
    0x00001176   0x00001176   0x00000000   Code   RO         4067    .text               c_w.l(indicate_semi.o)
    0x00001176   0x00001176   0x0000003e   Code   RO         3948    CL$$btod_d2e        c_w.l(btod.o)
    0x000011b4   0x000011b4   0x00000046   Code   RO         3950    CL$$btod_d2e_denorm_low  c_w.l(btod.o)
    0x000011fa   0x000011fa   0x00000060   Code   RO         3949    CL$$btod_d2e_norm_op1  c_w.l(btod.o)
    0x0000125a   0x0000125a   0x00000338   Code   RO         3958    CL$$btod_div_common  c_w.l(btod.o)
    0x00001592   0x00001592   0x000000dc   Code   RO         3955    CL$$btod_e2e        c_w.l(btod.o)
    0x0000166e   0x0000166e   0x0000002a   Code   RO         3952    CL$$btod_ediv       c_w.l(btod.o)
    0x00001698   0x00001698   0x0000002a   Code   RO         3951    CL$$btod_emul       c_w.l(btod.o)
    0x000016c2   0x000016c2   0x00000244   Code   RO         3957    CL$$btod_mult_common  c_w.l(btod.o)
    0x00001906   0x00001906   0x00000002   PAD
    0x00001908   0x00001908   0x00000018   Code   RO          388    i.CLK_DisablePLL    clk.o
    0x00001920   0x00001920   0x00000028   Code   RO          393    i.CLK_EnableModuleClock  clk.o
    0x00001948   0x00001948   0x00000194   Code   RO          394    i.CLK_EnablePLL     clk.o
    0x00001adc   0x00001adc   0x00000014   Code   RO          397    i.CLK_EnableXtalRC  clk.o
    0x00001af0   0x00001af0   0x00000074   Code   RO          406    i.CLK_GetPLLClockFreq  clk.o
    0x00001b64   0x00001b64   0x000000a4   Code   RO          410    i.CLK_SetCoreClock  clk.o
    0x00001c08   0x00001c08   0x0000007c   Code   RO          411    i.CLK_SetHCLK       clk.o
    0x00001c84   0x00001c84   0x00000018   Code   RO          414    i.CLK_SetSysTickClockSrc  clk.o
    0x00001c9c   0x00001c9c   0x00000034   Code   RO          973    i.CLK_SysTickDelay  lcdconf.o
    0x00001cd0   0x00001cd0   0x0000002c   Code   RO          415    i.CLK_WaitClockReady  clk.o
    0x00001cfc   0x00001cfc   0x00000008   Code   RO         1533    i.Display_Init      display.o
    0x00001d04   0x00001d04   0x00000020   Code   RO         1534    i.Display_buf       display.o
    0x00001d24   0x00001d24   0x000000e8   Code   RO          974    i.EBI_FuncPinInit   lcdconf.o
    0x00001e0c   0x00001e0c   0x00000194   Code   RO          649    i.EBI_Open          ebi.o
    0x00001fa0   0x00001fa0   0x00000014   Code   RO          689    i.FMC_Close         fmc.o
    0x00001fb4   0x00001fb4   0x00000014   Code   RO          699    i.FMC_Open          fmc.o
    0x00001fc8   0x00001fc8   0x00000032   Code   RO          856    i.GPIO_SetMode      gpio.o
    0x00001ffa   0x00001ffa   0x00000002   PAD
    0x00001ffc   0x00001ffc   0x00000050   Code   RO            4    i.GPIO_init         main.o
    0x0000204c   0x0000204c   0x00000040   Code   RO         2225    i.GUIDRV_FlexColor_Config  NUemWin_CM4_Keil.lib(GUIDRV_FlexColor.o)
    0x0000208c   0x0000208c   0x00000032   Code   RO         2226    i.GUIDRV_FlexColor_SetFunc  NUemWin_CM4_Keil.lib(GUIDRV_FlexColor.o)
    0x000020be   0x000020be   0x00000002   PAD
    0x000020c0   0x000020c0   0x00000068   Code   RO         2354    i.GUIDRV_FlexColor_SetFunc66709  NUemWin_CM4_Keil.lib(GUIDRV_FlexColor_Func66709.o)
    0x00002128   0x00002128   0x00000068   Code   RO         2344    i.GUIDRV_FlexColor_SetMode16bppC0B16  NUemWin_CM4_Keil.lib(GUIDRV_FlexColor_16bpp_C0B16.o)
    0x00002190   0x00002190   0x00000060   Code   RO         2355    i.GUIDRV_FlexColor_SetReadFunc66709_B16  NUemWin_CM4_Keil.lib(GUIDRV_FlexColor_Func66709.o)
    0x000021f0   0x000021f0   0x000000ba   Code   RO         2232    i.GUIDRV_FlexColor__GetPixelIndexNoCache  NUemWin_CM4_Keil.lib(GUIDRV_FlexColor.o)
    0x000022aa   0x000022aa   0x00000002   PAD
    0x000022ac   0x000022ac   0x00000040   Code   RO         2233    i.GUIDRV_FlexColor__InitOnce  NUemWin_CM4_Keil.lib(GUIDRV_FlexColor.o)
    0x000022ec   0x000022ec   0x0000003c   Code   RO         2238    i.GUIDRV_FlexColor__SetLog2Phys  NUemWin_CM4_Keil.lib(GUIDRV_FlexColor.o)
    0x00002328   0x00002328   0x0000009a   Code   RO         2240    i.GUIDRV_FlexColor__SetPixelIndexNoCache  NUemWin_CM4_Keil.lib(GUIDRV_FlexColor.o)
    0x000023c2   0x000023c2   0x00000002   PAD
    0x000023c4   0x000023c4   0x00000138   Code   RO         2518    i.GUIMONO_DispChar  NUemWin_CM4_Keil.lib(GUI_CharM.o)
    0x000024fc   0x000024fc   0x00000018   Code   RO         2519    i.GUIMONO_GetCharDistX  NUemWin_CM4_Keil.lib(GUI_CharM.o)
    0x00002514   0x00002514   0x00000006   Code   RO         2520    i.GUIMONO_GetFontInfo  NUemWin_CM4_Keil.lib(GUI_CharM.o)
    0x0000251a   0x0000251a   0x00000038   Code   RO         2521    i.GUIMONO_IsInFont  NUemWin_CM4_Keil.lib(GUI_CharM.o)
    0x00002552   0x00002552   0x00000002   PAD
    0x00002554   0x00002554   0x000000f0   Code   RO         2526    i.GUIPROP_DispChar  NUemWin_CM4_Keil.lib(GUI_CharP.o)
    0x00002644   0x00002644   0x00000060   Code   RO         2527    i.GUIPROP_GetCharDistX  NUemWin_CM4_Keil.lib(GUI_CharP.o)
    0x000026a4   0x000026a4   0x00000006   Code   RO         2528    i.GUIPROP_GetFontInfo  NUemWin_CM4_Keil.lib(GUI_CharP.o)
    0x000026aa   0x000026aa   0x00000024   Code   RO         2529    i.GUIPROP_IsInFont  NUemWin_CM4_Keil.lib(GUI_CharP.o)
    0x000026ce   0x000026ce   0x0000000a   Code   RO         1799    i.GUI_ALLOC_AllocNoInit  NUemWin_CM4_Keil.lib(GUI_Alloc.o)
    0x000026d8   0x000026d8   0x00000070   Code   RO         1800    i.GUI_ALLOC_AllocZero  NUemWin_CM4_Keil.lib(GUI_Alloc.o)
    0x00002748   0x00002748   0x00000010   Code   RO         1801    i.GUI_ALLOC_AssignMemory  NUemWin_CM4_Keil.lib(GUI_Alloc.o)
    0x00002758   0x00002758   0x00000038   Code   RO         1803    i.GUI_ALLOC_Free    NUemWin_CM4_Keil.lib(GUI_Alloc.o)
    0x00002790   0x00002790   0x0000001c   Code   RO         1804    i.GUI_ALLOC_FreeFixedBlock  NUemWin_CM4_Keil.lib(GUI_Alloc.o)
    0x000027ac   0x000027ac   0x000000b0   Code   RO         1807    i.GUI_ALLOC_GetFixedBlock  NUemWin_CM4_Keil.lib(GUI_Alloc.o)
    0x0000285c   0x0000285c   0x00000028   Code   RO         1817    i.GUI_ALLOC_LockH   NUemWin_CM4_Keil.lib(GUI_Alloc.o)
    0x00002884   0x00002884   0x00000030   Code   RO         1824    i.GUI_ALLOC_UnlockH  NUemWin_CM4_Keil.lib(GUI_Alloc.o)
    0x000028b4   0x000028b4   0x00000014   Code   RO         1825    i.GUI_ALLOC_h2p     NUemWin_CM4_Keil.lib(GUI_Alloc.o)
    0x000028c8   0x000028c8   0x0000003e   Code   RO         1876    i.GUI_CalcColorDist  NUemWin_CM4_Keil.lib(GUI_Common.o)
    0x00002906   0x00002906   0x00000002   PAD
    0x00002908   0x00002908   0x00000068   Code   RO         2044    i.GUI_Clear         NUemWin_CM4_Keil.lib(GUI_Core.o)
    0x00002970   0x00002970   0x00000070   Code   RO         2117    i.GUI_DEVICE_CreateAndLink  NUemWin_CM4_Keil.lib(GUI_Device.o)
    0x000029e0   0x000029e0   0x00000004   Code   RO         2118    i.GUI_DEVICE_Delete  NUemWin_CM4_Keil.lib(GUI_Device.o)
    0x000029e4   0x000029e4   0x000000a4   Code   RO         2119    i.GUI_DEVICE_Link   NUemWin_CM4_Keil.lib(GUI_Device.o)
    0x00002a88   0x00002a88   0x0000003c   Code   RO         2121    i.GUI_DEVICE_Unlink  NUemWin_CM4_Keil.lib(GUI_Device.o)
    0x00002ac4   0x00002ac4   0x00000028   Code   RO         2124    i.GUI_DEVICE__GetpDriver  NUemWin_CM4_Keil.lib(GUI_Device.o)
    0x00002aec   0x00002aec   0x00000104   Code   RO         2134    i.GUI_DispString    NUemWin_CM4_Keil.lib(GUI_DispString.o)
    0x00002bf0   0x00002bf0   0x00000010   Code   RO         2135    i.GUI_DispStringAt  NUemWin_CM4_Keil.lib(GUI_DispString.o)
    0x00002c00   0x00002c00   0x00000014   Code   RO         2742    i.GUI_GetBitsPerPixelEx  NUemWin_CM4_Keil.lib(LCD_GetEx.o)
    0x00002c14   0x00002c14   0x0000000e   Code   RO         1891    i.GUI_GetBkColor    NUemWin_CM4_Keil.lib(GUI_Common.o)
    0x00002c22   0x00002c22   0x00000002   PAD
    0x00002c24   0x00002c24   0x00000010   Code   RO         2497    i.GUI_GetCharDistX  NUemWin_CM4_Keil.lib(GUI_Char.o)
    0x00002c34   0x00002c34   0x00000010   Code   RO         2498    i.GUI_GetCharDistXEx  NUemWin_CM4_Keil.lib(GUI_Char.o)
    0x00002c44   0x00002c44   0x0000000e   Code   RO         1894    i.GUI_GetColor      NUemWin_CM4_Keil.lib(GUI_Common.o)
    0x00002c52   0x00002c52   0x00000002   PAD
    0x00002c54   0x00002c54   0x00000010   Code   RO         2499    i.GUI_GetFontDistY  NUemWin_CM4_Keil.lib(GUI_Char.o)
    0x00002c64   0x00002c64   0x00000034   Code   RO         2500    i.GUI_GetYAdjust    NUemWin_CM4_Keil.lib(GUI_Char.o)
    0x00002c98   0x00002c98   0x00000010   Code   RO         2743    i.GUI_GetpfColor2IndexEx  NUemWin_CM4_Keil.lib(LCD_GetEx.o)
    0x00002ca8   0x00002ca8   0x00000010   Code   RO         2744    i.GUI_GetpfIndex2ColorEx  NUemWin_CM4_Keil.lib(LCD_GetEx.o)
    0x00002cb8   0x00002cb8   0x00000010   Code   RO         1916    i.GUI_GotoXY        NUemWin_CM4_Keil.lib(GUI_Common.o)
    0x00002cc8   0x00002cc8   0x00000164   Code   RO         2053    i.GUI_Init          NUemWin_CM4_Keil.lib(GUI_Core.o)
    0x00002e2c   0x00002e2c   0x00000044   Code   RO         3283    i.GUI_MEMDEV_Delete  NUemWin_CM4_Keil.lib(GUIDEV.o)
    0x00002e70   0x00002e70   0x00000024   Code   RO         3284    i.GUI_MEMDEV_GetBitsPerPixel  NUemWin_CM4_Keil.lib(GUIDEV.o)
    0x00002e94   0x00002e94   0x0000001c   Code   RO         3594    i.GUI_MEMDEV_GetDataPtr  NUemWin_CM4_Keil.lib(GUIDEV_GetDataPtr.o)
    0x00002eb0   0x00002eb0   0x0000081c   Code   RO         3329    i.GUI_MEMDEV__WriteToActiveOpaque  NUemWin_CM4_Keil.lib(GUIDEV_WriteToActiveOpaque.o)
    0x000036cc   0x000036cc   0x0000005c   Code   RO         1922    i.GUI_MergeRect     NUemWin_CM4_Keil.lib(GUI_Common.o)
    0x00003728   0x00003728   0x00000020   Code   RO         1923    i.GUI_MoveRect      NUemWin_CM4_Keil.lib(GUI_Common.o)
    0x00003748   0x00003748   0x00000038   Code   RO         1924    i.GUI_RectsIntersect  NUemWin_CM4_Keil.lib(GUI_Common.o)
    0x00003780   0x00003780   0x00000012   Code   RO         1928    i.GUI_SelectLCD     NUemWin_CM4_Keil.lib(GUI_Common.o)
    0x00003792   0x00003792   0x00000002   PAD
    0x00003794   0x00003794   0x00000024   Code   RO         3167    i.GUI_SelectLayer   NUemWin_CM4_Keil.lib(GUI_SelectLayer.o)
    0x000037b8   0x000037b8   0x00000004   Code   RO         1929    i.GUI_SetBkColor    NUemWin_CM4_Keil.lib(GUI_Common.o)
    0x000037bc   0x000037bc   0x00000004   Code   RO         1932    i.GUI_SetColor      NUemWin_CM4_Keil.lib(GUI_Common.o)
    0x000037c0   0x000037c0   0x0000000c   Code   RO         2059    i.GUI_SetDefaultFont  NUemWin_CM4_Keil.lib(GUI_Core.o)
    0x000037cc   0x000037cc   0x00000014   Code   RO         1937    i.GUI_SetFont       NUemWin_CM4_Keil.lib(GUI_Common.o)
    0x000037e0   0x000037e0   0x00000034   Code   RO         1940    i.GUI_SetOrg        NUemWin_CM4_Keil.lib(GUI_Common.o)
    0x00003814   0x00003814   0x00000010   Code   RO         2597    i.GUI_SignalEvent   NUemWin_CM4_Keil.lib(GUI_WaitEvent.o)
    0x00003824   0x00003824   0x00000014   Code   RO         2555    i.GUI_StoreKey      NUemWin_CM4_Keil.lib(GUI_OnKey.o)
    0x00003838   0x00003838   0x0000002c   Code   RO         2571    i.GUI_UC__GetCharCodeInc  NUemWin_CM4_Keil.lib(GUI_UC.o)
    0x00003864   0x00003864   0x0000002c   Code   RO         2573    i.GUI_UC__NumChars2NumBytes  NUemWin_CM4_Keil.lib(GUI_UC.o)
    0x00003890   0x00003890   0x00000028   Code   RO         3323    i.GUI_USAGE_AddRect  NUemWin_CM4_Keil.lib(GUIDEV_Usage.o)
    0x000038b8   0x000038b8   0x00000024   Code   RO         3324    i.GUI_USAGE_DecUseCnt  NUemWin_CM4_Keil.lib(GUIDEV_Usage.o)
    0x000038dc   0x000038dc   0x0000001c   Code   RO          957    i.GUI_X_Config      guiconf.o
    0x000038f8   0x000038f8   0x00000002   Code   RO          905    i.GUI_X_ExecIdle    gui_x.o
    0x000038fa   0x000038fa   0x00000002   Code   RO          907    i.GUI_X_Init        gui_x.o
    0x000038fc   0x000038fc   0x0000018c   Code   RO         3543    i.GUI__CompactPixelIndices  NUemWin_CM4_Keil.lib(GUI__CompactPixelIndices.o)
    0x00003a88   0x00003a88   0x000001e4   Code   RO         2507    i.GUI__DispLine     NUemWin_CM4_Keil.lib(GUI_CharLine.o)
    0x00003c6c   0x00003c6c   0x00000078   Code   RO         2508    i.GUI__GetLineDistX  NUemWin_CM4_Keil.lib(GUI_CharLine.o)
    0x00003ce4   0x00003ce4   0x00000044   Code   RO         2509    i.GUI__GetLineNumChars  NUemWin_CM4_Keil.lib(GUI_CharLine.o)
    0x00003d28   0x00003d28   0x00000042   Code   RO         2616    i.GUI__IntersectRect  NUemWin_CM4_Keil.lib(GUI__Private.o)
    0x00003d6a   0x00003d6a   0x00000052   Code   RO         2617    i.GUI__IntersectRects  NUemWin_CM4_Keil.lib(GUI__Private.o)
    0x00003dbc   0x00003dbc   0x00000010   Code   RO         3238    i.GUI__ManageCache  NUemWin_CM4_Keil.lib(GUI__ManageCache.o)
    0x00003dcc   0x00003dcc   0x000000e8   Code   RO         3239    i.GUI__ManageCacheEx  NUemWin_CM4_Keil.lib(GUI__ManageCache.o)
    0x00003eb4   0x00003eb4   0x00000010   Code   RO         2068    i.GUI__RegisterExit  NUemWin_CM4_Keil.lib(GUI_Core.o)
    0x00003ec4   0x00003ec4   0x000000a6   Code   RO         2625    i.GUI__memset16     NUemWin_CM4_Keil.lib(GUI__Private.o)
    0x00003f6a   0x00003f6a   0x00000002   PAD
    0x00003f6c   0x00003f6c   0x0000002c   Code   RO         1654    i.Hard_Fault_Handler  retarget.o
    0x00003f98   0x00003f98   0x000002d4   Code   RO          975    i.ILI9341_Initial   lcdconf.o
    0x0000426c   0x0000426c   0x0000009c   Code   RO            5    i.JoyStick          main.o
    0x00004308   0x00004308   0x0000001c   Code   RO         2675    i.LCD_Color2Index   NUemWin_CM4_Keil.lib(LCD.o)
    0x00004324   0x00004324   0x00000280   Code   RO         2676    i.LCD_DrawBitmap    NUemWin_CM4_Keil.lib(LCD.o)
    0x000045a4   0x000045a4   0x00000064   Code   RO         2677    i.LCD_DrawHLine     NUemWin_CM4_Keil.lib(LCD.o)
    0x00004608   0x00004608   0x00000070   Code   RO         2678    i.LCD_DrawPixel     NUemWin_CM4_Keil.lib(LCD.o)
    0x00004678   0x00004678   0x0000006c   Code   RO         2681    i.LCD_FillRect      NUemWin_CM4_Keil.lib(LCD.o)
    0x000046e4   0x000046e4   0x0000001e   Code   RO         2746    i.LCD_GetBitsPerPixelEx  NUemWin_CM4_Keil.lib(LCD_GetEx.o)
    0x00004702   0x00004702   0x00000002   PAD
    0x00004704   0x00004704   0x00000010   Code   RO         2738    i.LCD_GetBkColorIndex  NUemWin_CM4_Keil.lib(LCD_GetColorIndex.o)
    0x00004714   0x00004714   0x00000010   Code   RO         2739    i.LCD_GetColorIndex  NUemWin_CM4_Keil.lib(LCD_GetColorIndex.o)
    0x00004724   0x00004724   0x00000028   Code   RO         2753    i.LCD_GetNumColors  NUemWin_CM4_Keil.lib(LCD_GetEx.o)
    0x0000474c   0x0000474c   0x0000001e   Code   RO         2754    i.LCD_GetNumColorsEx  NUemWin_CM4_Keil.lib(LCD_GetEx.o)
    0x0000476a   0x0000476a   0x00000014   Code   RO         3272    i.LCD_GetNumLayers  NUemWin_CM4_Keil.lib(LCD_GetNumDisplays.o)
    0x0000477e   0x0000477e   0x00000002   PAD
    0x00004780   0x00004780   0x00000024   Code   RO         2755    i.LCD_GetPalette    NUemWin_CM4_Keil.lib(LCD_GetEx.o)
    0x000047a4   0x000047a4   0x0000000c   Code   RO         2770    i.LCD_GetXSizeDisplay  NUemWin_CM4_Keil.lib(LCD_GetEx.o)
    0x000047b0   0x000047b0   0x00000022   Code   RO         2772    i.LCD_GetXSizeMax   NUemWin_CM4_Keil.lib(LCD_GetEx.o)
    0x000047d2   0x000047d2   0x00000002   PAD
    0x000047d4   0x000047d4   0x0000000c   Code   RO         2776    i.LCD_GetYSizeDisplay  NUemWin_CM4_Keil.lib(LCD_GetEx.o)
    0x000047e0   0x000047e0   0x00000022   Code   RO         2778    i.LCD_GetYSizeMax   NUemWin_CM4_Keil.lib(LCD_GetEx.o)
    0x00004802   0x00004802   0x00000002   PAD
    0x00004804   0x00004804   0x00000074   Code   RO         2721    i.LCD_GetpPalConvTableBM  NUemWin_CM4_Keil.lib(LCD_Color.o)
    0x00004878   0x00004878   0x0000001c   Code   RO         2682    i.LCD_Index2Color   NUemWin_CM4_Keil.lib(LCD.o)
    0x00004894   0x00004894   0x00000030   Code   RO         1787    i.LCD_Index2Color_565  NUemWin_CM4_Keil.lib(GUICC_565.o)
    0x000048c4   0x000048c4   0x000000ac   Code   RO         2683    i.LCD_Init          NUemWin_CM4_Keil.lib(LCD.o)
    0x00004970   0x00004970   0x00000038   Code   RO         2723    i.LCD_InitColors    NUemWin_CM4_Keil.lib(LCD_Color.o)
    0x000049a8   0x000049a8   0x00000088   Code   RO         2724    i.LCD_InitLUT       NUemWin_CM4_Keil.lib(LCD_Color.o)
    0x00004a30   0x00004a30   0x0000000c   Code   RO          976    i.LCD_RD_DATA       lcdconf.o
    0x00004a3c   0x00004a3c   0x00000048   Code   RO         2857    i.LCD_SelectLCD     NUemWin_CM4_Keil.lib(LCD_SelectLCD.o)
    0x00004a84   0x00004a84   0x0000000c   Code   RO         2685    i.LCD_SetBkColor    NUemWin_CM4_Keil.lib(LCD.o)
    0x00004a90   0x00004a90   0x00000018   Code   RO         2686    i.LCD_SetBkColorIndex  NUemWin_CM4_Keil.lib(LCD.o)
    0x00004aa8   0x00004aa8   0x00000034   Code   RO         3277    i.LCD_SetClipRectEx  NUemWin_CM4_Keil.lib(LCD_SetClipRectEx.o)
    0x00004adc   0x00004adc   0x0000001c   Code   RO         2687    i.LCD_SetClipRectMax  NUemWin_CM4_Keil.lib(LCD.o)
    0x00004af8   0x00004af8   0x0000000c   Code   RO         2688    i.LCD_SetColor      NUemWin_CM4_Keil.lib(LCD.o)
    0x00004b04   0x00004b04   0x00000018   Code   RO         2689    i.LCD_SetColorIndex  NUemWin_CM4_Keil.lib(LCD.o)
    0x00004b1c   0x00004b1c   0x0000000c   Code   RO         2781    i.LCD_SetDisplaySize  NUemWin_CM4_Keil.lib(LCD_GetEx.o)
    0x00004b28   0x00004b28   0x0000000c   Code   RO         2690    i.LCD_SetDrawMode   NUemWin_CM4_Keil.lib(LCD.o)
    0x00004b34   0x00004b34   0x0000002c   Code   RO         2181    i.LCD_SetLUTEntryEx  NUemWin_CM4_Keil.lib(LCD_Set.o)
    0x00004b60   0x00004b60   0x0000002c   Code   RO         2186    i.LCD_SetSizeEx     NUemWin_CM4_Keil.lib(LCD_Set.o)
    0x00004b8c   0x00004b8c   0x0000002c   Code   RO         2190    i.LCD_SetVSizeEx    NUemWin_CM4_Keil.lib(LCD_Set.o)
    0x00004bb8   0x00004bb8   0x00000024   Code   RO         2859    i.LCD_UpdateColorIndices  NUemWin_CM4_Keil.lib(LCD_UpdateColorIndices.o)
    0x00004bdc   0x00004bdc   0x0000000c   Code   RO          977    i.LCD_WR_DATA       lcdconf.o
    0x00004be8   0x00004be8   0x00000014   Code   RO          978    i.LCD_WR_REG        lcdconf.o
    0x00004bfc   0x00004bfc   0x0000009c   Code   RO          979    i.LCD_X_Config      lcdconf.o
    0x00004c98   0x00004c98   0x00000024   Code   RO          980    i.LCD_X_DisplayDriver  lcdconf.o
    0x00004cbc   0x00004cbc   0x000001fc   Code   RO         2692    i.LCD__DrawBitmap_1bpp  NUemWin_CM4_Keil.lib(LCD.o)
    0x00004eb8   0x00004eb8   0x0000008e   Code   RO         2783    i.LCD__GetBPPDevice  NUemWin_CM4_Keil.lib(LCD_GetEx.o)
    0x00004f46   0x00004f46   0x00000002   PAD
    0x00004f48   0x00004f48   0x00000058   Code   RO            6    i.LED_showing       main.o
    0x00004fa0   0x00004fa0   0x00000018   Code   RO          981    i.LcdReadDataMultiple  lcdconf.o
    0x00004fb8   0x00004fb8   0x00000018   Code   RO          982    i.LcdWriteDataMultiple  lcdconf.o
    0x00004fd0   0x00004fd0   0x0000006c   Code   RO         1570    i.SYS_Init          system_init.o
    0x0000503c   0x0000503c   0x0000000c   Code   RO         1656    i.SendChar          retarget.o
    0x00005048   0x00005048   0x00000030   Code   RO         1657    i.SendChar_ToUART   retarget.o
    0x00005078   0x00005078   0x00000064   Code   RO         1750    i.SystemCoreClockUpdate  system_m480.o
    0x000050dc   0x000050dc   0x00000094   Code   RO         1751    i.SystemInit        system_m480.o
    0x00005170   0x00005170   0x0000002c   Code   RO         1604    i.TMR0_IRQHandler   tmr.o
    0x0000519c   0x0000519c   0x000000a0   Code   RO         1605    i.TMR0_Initial      tmr.o
    0x0000523c   0x0000523c   0x00000010   Code   RO         2886    i.WM_Activate       NUemWin_CM4_Keil.lib(WM.o)
    0x0000524c   0x0000524c   0x0000008c   Code   RO         2988    i.WM_BringToBottom  NUemWin_CM4_Keil.lib(WM_Lib.o)
    0x000052d8   0x000052d8   0x0000016c   Code   RO         2888    i.WM_CreateWindowAsChild  NUemWin_CM4_Keil.lib(WM.o)
    0x00005444   0x00005444   0x00000048   Code   RO         2890    i.WM_DefaultProc    NUemWin_CM4_Keil.lib(WM.o)
    0x0000548c   0x0000548c   0x0000000c   Code   RO         3001    i.WM_GetDesktopWindow  NUemWin_CM4_Keil.lib(WM_Lib.o)
    0x00005498   0x00005498   0x00000010   Code   RO         3004    i.WM_GetFirstChild  NUemWin_CM4_Keil.lib(WM_Lib.o)
    0x000054a8   0x000054a8   0x00000010   Code   RO         3017    i.WM_GetParent      NUemWin_CM4_Keil.lib(WM_Lib.o)
    0x000054b8   0x000054b8   0x000000c0   Code   RO         2896    i.WM_Init           NUemWin_CM4_Keil.lib(WM.o)
    0x00005578   0x00005578   0x000000d4   Code   RO         2897    i.WM_InvalidateRect  NUemWin_CM4_Keil.lib(WM.o)
    0x0000564c   0x0000564c   0x0000006e   Code   RO         2899    i.WM_InvalidateWindowAndDescsEx  NUemWin_CM4_Keil.lib(WM.o)
    0x000056ba   0x000056ba   0x00000026   Code   RO         3044    i.WM_SendToParent   NUemWin_CM4_Keil.lib(WM_Lib.o)
    0x000056e0   0x000056e0   0x000000d0   Code   RO         2903    i.WM__ActivateClipRect  NUemWin_CM4_Keil.lib(WM.o)
    0x000057b0   0x000057b0   0x00000010   Code   RO         3372    i.WM__AddCriticalHandle  NUemWin_CM4_Keil.lib(WM__Private.o)
    0x000057c0   0x000057c0   0x00000054   Code   RO         2905    i.WM__ClipAtParentBorders  NUemWin_CM4_Keil.lib(WM.o)
    0x00005814   0x00005814   0x00000020   Code   RO         3374    i.WM__GetClientRectEx  NUemWin_CM4_Keil.lib(WM__Private.o)
    0x00005834   0x00005834   0x00000018   Code   RO         2908    i.WM__GetClientRectWin  NUemWin_CM4_Keil.lib(WM.o)
    0x0000584c   0x0000584c   0x0000033c   Code   RO         2909    i.WM__GetNextIVR    NUemWin_CM4_Keil.lib(WM.o)
    0x00005b88   0x00005b88   0x00000030   Code   RO         3380    i.WM__GetPrevSibling  NUemWin_CM4_Keil.lib(WM__Private.o)
    0x00005bb8   0x00005bb8   0x00000104   Code   RO         2910    i.WM__InitIVRSearch  NUemWin_CM4_Keil.lib(WM.o)
    0x00005cbc   0x00005cbc   0x000000b6   Code   RO         2911    i.WM__InsertWindowIntoList  NUemWin_CM4_Keil.lib(WM.o)
    0x00005d72   0x00005d72   0x00000002   PAD
    0x00005d74   0x00005d74   0x00000058   Code   RO         2913    i.WM__InvalidateDrawAndDescs  NUemWin_CM4_Keil.lib(WM.o)
    0x00005dcc   0x00005dcc   0x000000d2   Code   RO         2915    i.WM__InvalidateRect  NUemWin_CM4_Keil.lib(WM.o)
    0x00005e9e   0x00005e9e   0x00000006   Code   RO         2916    i.WM__InvalidateRectEx  NUemWin_CM4_Keil.lib(WM.o)
    0x00005ea4   0x00005ea4   0x0000003c   Code   RO         3388    i.WM__SendMessage   NUemWin_CM4_Keil.lib(WM__Private.o)
    0x00005ee0   0x00005ee0   0x000000bc   Code   RO         1827    i._AddFreeMemory    NUemWin_CM4_Keil.lib(GUI_Alloc.o)
    0x00005f9c   0x00005f9c   0x000001e4   Code   RO         1828    i._Alloc            NUemWin_CM4_Keil.lib(GUI_Alloc.o)
    0x00006180   0x00006180   0x00000004   Code   RO         2584    i._CalcSizeOfChar   NUemWin_CM4_Keil.lib(GUI_UC_EncodeNone.o)
    0x00006184   0x00006184   0x00000080   Code   RO         1788    i._Color2IndexBulk  NUemWin_CM4_Keil.lib(GUICC_565.o)
    0x00006204   0x00006204   0x0000006e   Code   RO         3154    i._Color2Index_0    NUemWin_CM4_Keil.lib(GUICC_0.o)
    0x00006272   0x00006272   0x00000002   PAD
    0x00006274   0x00006274   0x0000002c   Code   RO         1789    i._Color2Index_565  NUemWin_CM4_Keil.lib(GUICC_565.o)
    0x000062a0   0x000062a0   0x00000022   Code   RO         2242    i._DrawBitmap       NUemWin_CM4_Keil.lib(GUIDRV_FlexColor.o)
    0x000062c2   0x000062c2   0x00000002   PAD
    0x000062c4   0x000062c4   0x000004f8   Code   RO         2345    i._DrawBitmap       NUemWin_CM4_Keil.lib(GUIDRV_FlexColor_16bpp_C0B16.o)
    0x000067bc   0x000067bc   0x00000820   Code   RO         2861    i._DrawBitmap       NUemWin_CM4_Keil.lib(GUIDEV_16.o)
    0x00006fdc   0x00006fdc   0x00000010   Code   RO         2243    i._DrawHLine        NUemWin_CM4_Keil.lib(GUIDRV_FlexColor.o)
    0x00006fec   0x00006fec   0x0000000a   Code   RO         2862    i._DrawHLine        NUemWin_CM4_Keil.lib(GUIDEV_16.o)
    0x00006ff6   0x00006ff6   0x00000012   Code   RO         2244    i._DrawVLine        NUemWin_CM4_Keil.lib(GUIDRV_FlexColor.o)
    0x00007008   0x00007008   0x00000114   Code   RO         2863    i._DrawVLine        NUemWin_CM4_Keil.lib(GUIDEV_16.o)
    0x0000711c   0x0000711c   0x00000006   Code   RO         2585    i._Encode           NUemWin_CM4_Keil.lib(GUI_UC_EncodeNone.o)
    0x00007122   0x00007122   0x00000002   PAD
    0x00007124   0x00007124   0x000000c8   Code   RO         1829    i._EnlargeBlocks    NUemWin_CM4_Keil.lib(GUI_Alloc.o)
    0x000071ec   0x000071ec   0x00000012   Code   RO         2245    i._FillRect         NUemWin_CM4_Keil.lib(GUIDRV_FlexColor.o)
    0x000071fe   0x000071fe   0x00000002   PAD
    0x00007200   0x00007200   0x0000014c   Code   RO         2346    i._FillRect         NUemWin_CM4_Keil.lib(GUIDRV_FlexColor_16bpp_C0B16.o)
    0x0000734c   0x0000734c   0x000000f4   Code   RO         2864    i._FillRect         NUemWin_CM4_Keil.lib(GUIDEV_16.o)
    0x00007440   0x00007440   0x0000008a   Code   RO         2926    i._Findx0           NUemWin_CM4_Keil.lib(WM.o)
    0x000074ca   0x000074ca   0x00000080   Code   RO         2927    i._Findx1           NUemWin_CM4_Keil.lib(WM.o)
    0x0000754a   0x0000754a   0x000000b4   Code   RO         2928    i._Findy1           NUemWin_CM4_Keil.lib(WM.o)
    0x000075fe   0x000075fe   0x00000004   Code   RO         2586    i._GetCharCode      NUemWin_CM4_Keil.lib(GUI_UC_EncodeNone.o)
    0x00007602   0x00007602   0x00000004   Code   RO         2587    i._GetCharSize      NUemWin_CM4_Keil.lib(GUI_UC_EncodeNone.o)
    0x00007606   0x00007606   0x0000000c   Code   RO         2246    i._GetDevData       NUemWin_CM4_Keil.lib(GUIDRV_FlexColor.o)
    0x00007612   0x00007612   0x00000002   PAD
    0x00007614   0x00007614   0x00000010   Code   RO         2865    i._GetDevData       NUemWin_CM4_Keil.lib(GUIDEV_16.o)
    0x00007624   0x00007624   0x0000009c   Code   RO         2247    i._GetDevFunc       NUemWin_CM4_Keil.lib(GUIDRV_FlexColor.o)
    0x000076c0   0x000076c0   0x00000010   Code   RO         2866    i._GetDevFunc       NUemWin_CM4_Keil.lib(GUIDEV_16.o)
    0x000076d0   0x000076d0   0x0000003c   Code   RO         2248    i._GetDevFunc_Exit  NUemWin_CM4_Keil.lib(GUIDRV_FlexColor.o)
    0x0000770c   0x0000770c   0x00000058   Code   RO         2249    i._GetDevFunc_Init  NUemWin_CM4_Keil.lib(GUIDRV_FlexColor.o)
    0x00007764   0x00007764   0x00000016   Code   RO         2250    i._GetDevFunc_Off   NUemWin_CM4_Keil.lib(GUIDRV_FlexColor.o)
    0x0000777a   0x0000777a   0x00000016   Code   RO         2251    i._GetDevFunc_On    NUemWin_CM4_Keil.lib(GUIDRV_FlexColor.o)
    0x00007790   0x00007790   0x00000002   Code   RO         2252    i._GetDevFunc_SetRect  NUemWin_CM4_Keil.lib(GUIDRV_FlexColor.o)
    0x00007792   0x00007792   0x00000002   PAD
    0x00007794   0x00007794   0x00000048   Code   RO         2253    i._GetDevFunc_SetRectOutside  NUemWin_CM4_Keil.lib(GUIDRV_FlexColor.o)
    0x000077dc   0x000077dc   0x00000014   Code   RO         2254    i._GetDevFunc_SetSize  NUemWin_CM4_Keil.lib(GUIDRV_FlexColor.o)
    0x000077f0   0x000077f0   0x00000014   Code   RO         2255    i._GetDevFunc_SetVSize  NUemWin_CM4_Keil.lib(GUIDRV_FlexColor.o)
    0x00007804   0x00007804   0x00000066   Code   RO         2256    i._GetDevProp       NUemWin_CM4_Keil.lib(GUIDRV_FlexColor.o)
    0x0000786a   0x0000786a   0x0000001a   Code   RO         2867    i._GetDevProp       NUemWin_CM4_Keil.lib(GUIDEV_16.o)
    0x00007884   0x00007884   0x00000052   Code   RO         3155    i._GetIndexMask_0   NUemWin_CM4_Keil.lib(GUICC_0.o)
    0x000078d6   0x000078d6   0x00000006   Code   RO         1790    i._GetIndexMask_565  NUemWin_CM4_Keil.lib(GUICC_565.o)
    0x000078dc   0x000078dc   0x00000008   Code   RO         2257    i._GetPixelIndex    NUemWin_CM4_Keil.lib(GUIDRV_FlexColor.o)
    0x000078e4   0x000078e4   0x0000003c   Code   RO         2868    i._GetPixelIndex    NUemWin_CM4_Keil.lib(GUIDEV_16.o)
    0x00007920   0x00007920   0x00000016   Code   RO         2258    i._GetRect          NUemWin_CM4_Keil.lib(GUIDRV_FlexColor.o)
    0x00007936   0x00007936   0x00000034   Code   RO         2869    i._GetRect          NUemWin_CM4_Keil.lib(GUIDEV_16.o)
    0x0000796a   0x0000796a   0x00000002   PAD
    0x0000796c   0x0000796c   0x0000009c   Code   RO         1791    i._Index2ColorBulk  NUemWin_CM4_Keil.lib(GUICC_565.o)
    0x00007a08   0x00007a08   0x00000020   Code   RO         3156    i._Index2Color_0    NUemWin_CM4_Keil.lib(GUICC_0.o)
    0x00007a28   0x00007a28   0x00000084   Code   RO          983    i._InitController   lcdconf.o
    0x00007aac   0x00007aac   0x000000c0   Code   RO         1830    i._InitOnce         NUemWin_CM4_Keil.lib(GUI_Alloc.o)
    0x00007b6c   0x00007b6c   0x000000b4   Code   RO         2929    i._Invalidate1Abs   NUemWin_CM4_Keil.lib(WM.o)
    0x00007c20   0x00007c20   0x00000004   Code   RO         2259    i._Log2PhysX_X0Y0S0  NUemWin_CM4_Keil.lib(GUIDRV_FlexColor.o)
    0x00007c24   0x00007c24   0x00000004   Code   RO         2260    i._Log2PhysX_X0Y0S1  NUemWin_CM4_Keil.lib(GUIDRV_FlexColor.o)
    0x00007c28   0x00007c28   0x00000004   Code   RO         2261    i._Log2PhysX_X0Y1S0  NUemWin_CM4_Keil.lib(GUIDRV_FlexColor.o)
    0x00007c2c   0x00007c2c   0x00000004   Code   RO         2262    i._Log2PhysX_X0Y1S1  NUemWin_CM4_Keil.lib(GUIDRV_FlexColor.o)
    0x00007c30   0x00007c30   0x00000008   Code   RO         2263    i._Log2PhysX_X1Y0S0  NUemWin_CM4_Keil.lib(GUIDRV_FlexColor.o)
    0x00007c38   0x00007c38   0x00000008   Code   RO         2264    i._Log2PhysX_X1Y0S1  NUemWin_CM4_Keil.lib(GUIDRV_FlexColor.o)
    0x00007c40   0x00007c40   0x00000008   Code   RO         2265    i._Log2PhysX_X1Y1S0  NUemWin_CM4_Keil.lib(GUIDRV_FlexColor.o)
    0x00007c48   0x00007c48   0x00000008   Code   RO         2266    i._Log2PhysX_X1Y1S1  NUemWin_CM4_Keil.lib(GUIDRV_FlexColor.o)
    0x00007c50   0x00007c50   0x00000004   Code   RO         2267    i._Log2PhysY_X0Y0S0  NUemWin_CM4_Keil.lib(GUIDRV_FlexColor.o)
    0x00007c54   0x00007c54   0x00000004   Code   RO         2268    i._Log2PhysY_X0Y0S1  NUemWin_CM4_Keil.lib(GUIDRV_FlexColor.o)
    0x00007c58   0x00007c58   0x00000008   Code   RO         2269    i._Log2PhysY_X0Y1S0  NUemWin_CM4_Keil.lib(GUIDRV_FlexColor.o)
    0x00007c60   0x00007c60   0x00000008   Code   RO         2270    i._Log2PhysY_X0Y1S1  NUemWin_CM4_Keil.lib(GUIDRV_FlexColor.o)
    0x00007c68   0x00007c68   0x00000004   Code   RO         2271    i._Log2PhysY_X1Y0S0  NUemWin_CM4_Keil.lib(GUIDRV_FlexColor.o)
    0x00007c6c   0x00007c6c   0x00000004   Code   RO         2272    i._Log2PhysY_X1Y0S1  NUemWin_CM4_Keil.lib(GUIDRV_FlexColor.o)
    0x00007c70   0x00007c70   0x00000008   Code   RO         2273    i._Log2PhysY_X1Y1S0  NUemWin_CM4_Keil.lib(GUIDRV_FlexColor.o)
    0x00007c78   0x00007c78   0x00000008   Code   RO         2274    i._Log2PhysY_X1Y1S1  NUemWin_CM4_Keil.lib(GUIDRV_FlexColor.o)
    0x00007c80   0x00007c80   0x00000002   Code   RO         2511    i._Log2VisBuffered  NUemWin_CM4_Keil.lib(GUI_CharLine.o)
    0x00007c82   0x00007c82   0x00000002   PAD
    0x00007c84   0x00007c84   0x00000038   Code   RO         2070    i._OnExit           NUemWin_CM4_Keil.lib(GUI_Core.o)
    0x00007cbc   0x00007cbc   0x00000018   Code   RO         2727    i._OnExit           NUemWin_CM4_Keil.lib(LCD_Color.o)
    0x00007cd4   0x00007cd4   0x00000070   Code   RO         2930    i._OnExit           NUemWin_CM4_Keil.lib(WM.o)
    0x00007d44   0x00007d44   0x00000006   Code   RO         2347    i._ReadData         NUemWin_CM4_Keil.lib(GUIDRV_FlexColor_16bpp_C0B16.o)
    0x00007d4a   0x00007d4a   0x0000000c   Code   RO         2275    i._ReadPixelCust_16bpp  NUemWin_CM4_Keil.lib(GUIDRV_FlexColor.o)
    0x00007d56   0x00007d56   0x0000000c   Code   RO         2276    i._ReadPixelCust_18bpp  NUemWin_CM4_Keil.lib(GUIDRV_FlexColor.o)
    0x00007d62   0x00007d62   0x00000040   Code   RO         2356    i._ReadPixel_16bpp_B16_I  NUemWin_CM4_Keil.lib(GUIDRV_FlexColor_Func66709.o)
    0x00007da2   0x00007da2   0x00000024   Code   RO         2357    i._ReadPixel_16bpp_B16_II  NUemWin_CM4_Keil.lib(GUIDRV_FlexColor_Func66709.o)
    0x00007dc6   0x00007dc6   0x0000003a   Code   RO         2358    i._ReadPixel_16bpp_B16_III  NUemWin_CM4_Keil.lib(GUIDRV_FlexColor_Func66709.o)
    0x00007e00   0x00007e00   0x00000038   Code   RO         2359    i._ReadPixel_16bpp_B8  NUemWin_CM4_Keil.lib(GUIDRV_FlexColor_Func66709.o)
    0x00007e38   0x00007e38   0x00000034   Code   RO         2277    i._ReadRectCust_16bpp  NUemWin_CM4_Keil.lib(GUIDRV_FlexColor.o)
    0x00007e6c   0x00007e6c   0x00000034   Code   RO         2278    i._ReadRectCust_18bpp  NUemWin_CM4_Keil.lib(GUIDRV_FlexColor.o)
    0x00007ea0   0x00007ea0   0x00000068   Code   RO         2360    i._ReadRect_16bpp_B16_I  NUemWin_CM4_Keil.lib(GUIDRV_FlexColor_Func66709.o)
    0x00007f08   0x00007f08   0x00000048   Code   RO         2361    i._ReadRect_16bpp_B16_II  NUemWin_CM4_Keil.lib(GUIDRV_FlexColor_Func66709.o)
    0x00007f50   0x00007f50   0x00000092   Code   RO         2362    i._ReadRect_16bpp_B16_III  NUemWin_CM4_Keil.lib(GUIDRV_FlexColor_Func66709.o)
    0x00007fe2   0x00007fe2   0x00000064   Code   RO         2363    i._ReadRect_16bpp_B8  NUemWin_CM4_Keil.lib(GUIDRV_FlexColor_Func66709.o)
    0x00008046   0x00008046   0x00000002   PAD
    0x00008048   0x00008048   0x0000005c   Code   RO         1831    i._RemoveFreeBlock  NUemWin_CM4_Keil.lib(GUI_Alloc.o)
    0x000080a4   0x000080a4   0x000000d0   Code   RO         1832    i._RemoveHoles      NUemWin_CM4_Keil.lib(GUI_Alloc.o)
    0x00008174   0x00008174   0x00000038   Code   RO         2693    i._SetBkColor       NUemWin_CM4_Keil.lib(LCD.o)
    0x000081ac   0x000081ac   0x00000038   Code   RO         2694    i._SetColor         NUemWin_CM4_Keil.lib(LCD.o)
    0x000081e4   0x000081e4   0x000000a4   Code   RO         2279    i._SetDevFunc       NUemWin_CM4_Keil.lib(GUIDRV_FlexColor.o)
    0x00008288   0x00008288   0x00000038   Code   RO         2695    i._SetDrawMode      NUemWin_CM4_Keil.lib(LCD.o)
    0x000082c0   0x000082c0   0x00000034   Code   RO         2364    i._SetInterface     NUemWin_CM4_Keil.lib(GUIDRV_FlexColor_Func66709.o)
    0x000082f4   0x000082f4   0x00000016   Code   RO         2280    i._SetOrg           NUemWin_CM4_Keil.lib(GUIDRV_FlexColor.o)
    0x0000830a   0x0000830a   0x0000000e   Code   RO         2870    i._SetOrg           NUemWin_CM4_Keil.lib(GUIDEV_16.o)
    0x00008318   0x00008318   0x0000003c   Code   RO         2365    i._SetOrientation   NUemWin_CM4_Keil.lib(GUIDRV_FlexColor_Func66709.o)
    0x00008354   0x00008354   0x000000a8   Code   RO         2366    i._SetPhysRAMAddr   NUemWin_CM4_Keil.lib(GUIDRV_FlexColor_Func66709.o)
    0x000083fc   0x000083fc   0x0000000a   Code   RO         2281    i._SetPixelIndex    NUemWin_CM4_Keil.lib(GUIDRV_FlexColor.o)
    0x00008406   0x00008406   0x00000002   PAD
    0x00008408   0x00008408   0x00000070   Code   RO         2871    i._SetPixelIndex    NUemWin_CM4_Keil.lib(GUIDEV_16.o)
    0x00008478   0x00008478   0x000000b0   Code   RO         2367    i._SetRect          NUemWin_CM4_Keil.lib(GUIDRV_FlexColor_Func66709.o)
    0x00008528   0x00008528   0x00000008   Code   RO         2368    i._SetReg_B16       NUemWin_CM4_Keil.lib(GUIDRV_FlexColor_Func66709.o)
    0x00008530   0x00008530   0x0000001a   Code   RO         2369    i._SetReg_B8        NUemWin_CM4_Keil.lib(GUIDRV_FlexColor_Func66709.o)
    0x0000854a   0x0000854a   0x0000000a   Code   RO         2348    i._WriteData        NUemWin_CM4_Keil.lib(GUIDRV_FlexColor_16bpp_C0B16.o)
    0x00008554   0x00008554   0x00000008   Code   RO         2370    i._WritePara_B16    NUemWin_CM4_Keil.lib(GUIDRV_FlexColor_Func66709.o)
    0x0000855c   0x0000855c   0x0000000a   Code   RO         2371    i._WritePara_B8     NUemWin_CM4_Keil.lib(GUIDRV_FlexColor_Func66709.o)
    0x00008566   0x00008566   0x00000032   Code   RO         2282    i._XorPixel         NUemWin_CM4_Keil.lib(GUIDRV_FlexColor.o)
    0x00008598   0x00008598   0x00000078   Code   RO         2872    i._XorPixel         NUemWin_CM4_Keil.lib(GUIDEV_16.o)
    0x00008610   0x00008610   0x00000030   Code   RO         3975    i.__ARM_fpclassify  m_wm.l(fpclassify.o)
    0x00008640   0x00008640   0x00000084   Code   RO         2932    i._cbBackWin        NUemWin_CM4_Keil.lib(WM.o)
    0x000086c4   0x000086c4   0x0000000e   Code   RO         3848    i._is_digit         c_w.l(__printf_wp.o)
    0x000086d2   0x000086d2   0x00000002   PAD
    0x000086d4   0x000086d4   0x0000001c   Code   RO            7    i.clock_init        main.o
    0x000086f0   0x000086f0   0x00000078   Code   RO            8    i.clock_tick        main.o
    0x00008768   0x00008768   0x00000008   Code   RO         1659    i.ferror            retarget.o
    0x00008770   0x00008770   0x00000010   Code   RO         1661    i.fputc             retarget.o
    0x00008780   0x00008780   0x00000108   Code   RO            9    i.main              main.o
    0x00008888   0x00008888   0x000000a8   Code   RO         1663    i.stackDump         retarget.o
    0x00008930   0x00008930   0x0000002c   Code   RO         3971    locale$$code        c_w.l(lc_numeric_c.o)
    0x0000895c   0x0000895c   0x000002b0   Code   RO         3885    x$fpl$ddiv          fz_wm.l(ddiv.o)
    0x00008c0c   0x00008c0c   0x00000026   Code   RO         3888    x$fpl$dfltu         fz_wm.l(dflt_clz.o)
    0x00008c32   0x00008c32   0x0000009c   Code   RO         3914    x$fpl$dnaninf       fz_wm.l(dnaninf.o)
    0x00008cce   0x00008cce   0x0000000c   Code   RO         3916    x$fpl$dretinf       fz_wm.l(dretinf.o)
    0x00008cda   0x00008cda   0x0000000a   Code   RO         4039    x$fpl$fpinit        fz_wm.l(fpinit.o)
    0x00008ce4   0x00008ce4   0x00000004   Code   RO         3894    x$fpl$printf1       fz_wm.l(printf1.o)
    0x00008ce8   0x00008ce8   0x00000000   Code   RO         3918    x$fpl$usenofp       fz_wm.l(usenofp.o)
    0x00008ce8   0x00008ce8   0x00000018   Data   RO         1792    .constdata          NUemWin_CM4_Keil.lib(GUICC_565.o)
    0x00008d00   0x00008d00   0x00000008   Data   RO         2072    .constdata          NUemWin_CM4_Keil.lib(GUI_Core.o)
    0x00008d08   0x00008d08   0x00000034   Data   RO         2283    .constdata          NUemWin_CM4_Keil.lib(GUIDRV_FlexColor.o)
    0x00008d3c   0x00008d3c   0x00000040   Data   RO         2284    .constdata          NUemWin_CM4_Keil.lib(GUIDRV_FlexColor.o)
    0x00008d7c   0x00008d7c   0x00000010   Data   RO         2391    .constdata          NUemWin_CM4_Keil.lib(F16_ASCII.o)
    0x00008d8c   0x00008d8c   0x00000010   Data   RO         2392    .constdata          NUemWin_CM4_Keil.lib(F16_ASCII.o)
    0x00008d9c   0x00008d9c   0x00000010   Data   RO         2393    .constdata          NUemWin_CM4_Keil.lib(F16_ASCII.o)
    0x00008dac   0x00008dac   0x00000010   Data   RO         2394    .constdata          NUemWin_CM4_Keil.lib(F16_ASCII.o)
    0x00008dbc   0x00008dbc   0x00000010   Data   RO         2395    .constdata          NUemWin_CM4_Keil.lib(F16_ASCII.o)
    0x00008dcc   0x00008dcc   0x00000020   Data   RO         2396    .constdata          NUemWin_CM4_Keil.lib(F16_ASCII.o)
    0x00008dec   0x00008dec   0x00000020   Data   RO         2397    .constdata          NUemWin_CM4_Keil.lib(F16_ASCII.o)
    0x00008e0c   0x00008e0c   0x00000010   Data   RO         2398    .constdata          NUemWin_CM4_Keil.lib(F16_ASCII.o)
    0x00008e1c   0x00008e1c   0x00000010   Data   RO         2399    .constdata          NUemWin_CM4_Keil.lib(F16_ASCII.o)
    0x00008e2c   0x00008e2c   0x00000010   Data   RO         2400    .constdata          NUemWin_CM4_Keil.lib(F16_ASCII.o)
    0x00008e3c   0x00008e3c   0x00000010   Data   RO         2401    .constdata          NUemWin_CM4_Keil.lib(F16_ASCII.o)
    0x00008e4c   0x00008e4c   0x00000010   Data   RO         2402    .constdata          NUemWin_CM4_Keil.lib(F16_ASCII.o)
    0x00008e5c   0x00008e5c   0x00000010   Data   RO         2403    .constdata          NUemWin_CM4_Keil.lib(F16_ASCII.o)
    0x00008e6c   0x00008e6c   0x00000010   Data   RO         2404    .constdata          NUemWin_CM4_Keil.lib(F16_ASCII.o)
    0x00008e7c   0x00008e7c   0x00000010   Data   RO         2405    .constdata          NUemWin_CM4_Keil.lib(F16_ASCII.o)
    0x00008e8c   0x00008e8c   0x00000010   Data   RO         2406    .constdata          NUemWin_CM4_Keil.lib(F16_ASCII.o)
    0x00008e9c   0x00008e9c   0x00000010   Data   RO         2407    .constdata          NUemWin_CM4_Keil.lib(F16_ASCII.o)
    0x00008eac   0x00008eac   0x00000010   Data   RO         2408    .constdata          NUemWin_CM4_Keil.lib(F16_ASCII.o)
    0x00008ebc   0x00008ebc   0x00000010   Data   RO         2409    .constdata          NUemWin_CM4_Keil.lib(F16_ASCII.o)
    0x00008ecc   0x00008ecc   0x00000010   Data   RO         2410    .constdata          NUemWin_CM4_Keil.lib(F16_ASCII.o)
    0x00008edc   0x00008edc   0x00000010   Data   RO         2411    .constdata          NUemWin_CM4_Keil.lib(F16_ASCII.o)
    0x00008eec   0x00008eec   0x00000010   Data   RO         2412    .constdata          NUemWin_CM4_Keil.lib(F16_ASCII.o)
    0x00008efc   0x00008efc   0x00000010   Data   RO         2413    .constdata          NUemWin_CM4_Keil.lib(F16_ASCII.o)
    0x00008f0c   0x00008f0c   0x00000010   Data   RO         2414    .constdata          NUemWin_CM4_Keil.lib(F16_ASCII.o)
    0x00008f1c   0x00008f1c   0x00000010   Data   RO         2415    .constdata          NUemWin_CM4_Keil.lib(F16_ASCII.o)
    0x00008f2c   0x00008f2c   0x00000010   Data   RO         2416    .constdata          NUemWin_CM4_Keil.lib(F16_ASCII.o)
    0x00008f3c   0x00008f3c   0x00000010   Data   RO         2417    .constdata          NUemWin_CM4_Keil.lib(F16_ASCII.o)
    0x00008f4c   0x00008f4c   0x00000010   Data   RO         2418    .constdata          NUemWin_CM4_Keil.lib(F16_ASCII.o)
    0x00008f5c   0x00008f5c   0x00000010   Data   RO         2419    .constdata          NUemWin_CM4_Keil.lib(F16_ASCII.o)
    0x00008f6c   0x00008f6c   0x00000010   Data   RO         2420    .constdata          NUemWin_CM4_Keil.lib(F16_ASCII.o)
    0x00008f7c   0x00008f7c   0x00000010   Data   RO         2421    .constdata          NUemWin_CM4_Keil.lib(F16_ASCII.o)
    0x00008f8c   0x00008f8c   0x00000010   Data   RO         2422    .constdata          NUemWin_CM4_Keil.lib(F16_ASCII.o)
    0x00008f9c   0x00008f9c   0x00000020   Data   RO         2423    .constdata          NUemWin_CM4_Keil.lib(F16_ASCII.o)
    0x00008fbc   0x00008fbc   0x00000020   Data   RO         2424    .constdata          NUemWin_CM4_Keil.lib(F16_ASCII.o)
    0x00008fdc   0x00008fdc   0x00000020   Data   RO         2425    .constdata          NUemWin_CM4_Keil.lib(F16_ASCII.o)
    0x00008ffc   0x00008ffc   0x00000020   Data   RO         2426    .constdata          NUemWin_CM4_Keil.lib(F16_ASCII.o)
    0x0000901c   0x0000901c   0x00000020   Data   RO         2427    .constdata          NUemWin_CM4_Keil.lib(F16_ASCII.o)
    0x0000903c   0x0000903c   0x00000020   Data   RO         2428    .constdata          NUemWin_CM4_Keil.lib(F16_ASCII.o)
    0x0000905c   0x0000905c   0x00000010   Data   RO         2429    .constdata          NUemWin_CM4_Keil.lib(F16_ASCII.o)
    0x0000906c   0x0000906c   0x00000020   Data   RO         2430    .constdata          NUemWin_CM4_Keil.lib(F16_ASCII.o)
    0x0000908c   0x0000908c   0x00000020   Data   RO         2431    .constdata          NUemWin_CM4_Keil.lib(F16_ASCII.o)
    0x000090ac   0x000090ac   0x00000010   Data   RO         2432    .constdata          NUemWin_CM4_Keil.lib(F16_ASCII.o)
    0x000090bc   0x000090bc   0x00000010   Data   RO         2433    .constdata          NUemWin_CM4_Keil.lib(F16_ASCII.o)
    0x000090cc   0x000090cc   0x00000020   Data   RO         2434    .constdata          NUemWin_CM4_Keil.lib(F16_ASCII.o)
    0x000090ec   0x000090ec   0x00000010   Data   RO         2435    .constdata          NUemWin_CM4_Keil.lib(F16_ASCII.o)
    0x000090fc   0x000090fc   0x00000020   Data   RO         2436    .constdata          NUemWin_CM4_Keil.lib(F16_ASCII.o)
    0x0000911c   0x0000911c   0x00000020   Data   RO         2437    .constdata          NUemWin_CM4_Keil.lib(F16_ASCII.o)
    0x0000913c   0x0000913c   0x00000020   Data   RO         2438    .constdata          NUemWin_CM4_Keil.lib(F16_ASCII.o)
    0x0000915c   0x0000915c   0x00000020   Data   RO         2439    .constdata          NUemWin_CM4_Keil.lib(F16_ASCII.o)
    0x0000917c   0x0000917c   0x00000020   Data   RO         2440    .constdata          NUemWin_CM4_Keil.lib(F16_ASCII.o)
    0x0000919c   0x0000919c   0x00000020   Data   RO         2441    .constdata          NUemWin_CM4_Keil.lib(F16_ASCII.o)
    0x000091bc   0x000091bc   0x00000020   Data   RO         2442    .constdata          NUemWin_CM4_Keil.lib(F16_ASCII.o)
    0x000091dc   0x000091dc   0x00000010   Data   RO         2443    .constdata          NUemWin_CM4_Keil.lib(F16_ASCII.o)
    0x000091ec   0x000091ec   0x00000020   Data   RO         2444    .constdata          NUemWin_CM4_Keil.lib(F16_ASCII.o)
    0x0000920c   0x0000920c   0x00000020   Data   RO         2445    .constdata          NUemWin_CM4_Keil.lib(F16_ASCII.o)
    0x0000922c   0x0000922c   0x00000020   Data   RO         2446    .constdata          NUemWin_CM4_Keil.lib(F16_ASCII.o)
    0x0000924c   0x0000924c   0x00000010   Data   RO         2447    .constdata          NUemWin_CM4_Keil.lib(F16_ASCII.o)
    0x0000925c   0x0000925c   0x00000020   Data   RO         2448    .constdata          NUemWin_CM4_Keil.lib(F16_ASCII.o)
    0x0000927c   0x0000927c   0x00000010   Data   RO         2449    .constdata          NUemWin_CM4_Keil.lib(F16_ASCII.o)
    0x0000928c   0x0000928c   0x00000010   Data   RO         2450    .constdata          NUemWin_CM4_Keil.lib(F16_ASCII.o)
    0x0000929c   0x0000929c   0x00000010   Data   RO         2451    .constdata          NUemWin_CM4_Keil.lib(F16_ASCII.o)
    0x000092ac   0x000092ac   0x00000010   Data   RO         2452    .constdata          NUemWin_CM4_Keil.lib(F16_ASCII.o)
    0x000092bc   0x000092bc   0x00000010   Data   RO         2453    .constdata          NUemWin_CM4_Keil.lib(F16_ASCII.o)
    0x000092cc   0x000092cc   0x00000010   Data   RO         2454    .constdata          NUemWin_CM4_Keil.lib(F16_ASCII.o)
    0x000092dc   0x000092dc   0x00000010   Data   RO         2455    .constdata          NUemWin_CM4_Keil.lib(F16_ASCII.o)
    0x000092ec   0x000092ec   0x00000010   Data   RO         2456    .constdata          NUemWin_CM4_Keil.lib(F16_ASCII.o)
    0x000092fc   0x000092fc   0x00000010   Data   RO         2457    .constdata          NUemWin_CM4_Keil.lib(F16_ASCII.o)
    0x0000930c   0x0000930c   0x00000010   Data   RO         2458    .constdata          NUemWin_CM4_Keil.lib(F16_ASCII.o)
    0x0000931c   0x0000931c   0x00000010   Data   RO         2459    .constdata          NUemWin_CM4_Keil.lib(F16_ASCII.o)
    0x0000932c   0x0000932c   0x00000010   Data   RO         2460    .constdata          NUemWin_CM4_Keil.lib(F16_ASCII.o)
    0x0000933c   0x0000933c   0x00000010   Data   RO         2461    .constdata          NUemWin_CM4_Keil.lib(F16_ASCII.o)
    0x0000934c   0x0000934c   0x00000010   Data   RO         2462    .constdata          NUemWin_CM4_Keil.lib(F16_ASCII.o)
    0x0000935c   0x0000935c   0x00000010   Data   RO         2463    .constdata          NUemWin_CM4_Keil.lib(F16_ASCII.o)
    0x0000936c   0x0000936c   0x00000010   Data   RO         2464    .constdata          NUemWin_CM4_Keil.lib(F16_ASCII.o)
    0x0000937c   0x0000937c   0x00000010   Data   RO         2465    .constdata          NUemWin_CM4_Keil.lib(F16_ASCII.o)
    0x0000938c   0x0000938c   0x00000010   Data   RO         2466    .constdata          NUemWin_CM4_Keil.lib(F16_ASCII.o)
    0x0000939c   0x0000939c   0x00000010   Data   RO         2467    .constdata          NUemWin_CM4_Keil.lib(F16_ASCII.o)
    0x000093ac   0x000093ac   0x00000020   Data   RO         2468    .constdata          NUemWin_CM4_Keil.lib(F16_ASCII.o)
    0x000093cc   0x000093cc   0x00000010   Data   RO         2469    .constdata          NUemWin_CM4_Keil.lib(F16_ASCII.o)
    0x000093dc   0x000093dc   0x00000010   Data   RO         2470    .constdata          NUemWin_CM4_Keil.lib(F16_ASCII.o)
    0x000093ec   0x000093ec   0x00000010   Data   RO         2471    .constdata          NUemWin_CM4_Keil.lib(F16_ASCII.o)
    0x000093fc   0x000093fc   0x00000010   Data   RO         2472    .constdata          NUemWin_CM4_Keil.lib(F16_ASCII.o)
    0x0000940c   0x0000940c   0x00000010   Data   RO         2473    .constdata          NUemWin_CM4_Keil.lib(F16_ASCII.o)
    0x0000941c   0x0000941c   0x00000010   Data   RO         2474    .constdata          NUemWin_CM4_Keil.lib(F16_ASCII.o)
    0x0000942c   0x0000942c   0x00000010   Data   RO         2475    .constdata          NUemWin_CM4_Keil.lib(F16_ASCII.o)
    0x0000943c   0x0000943c   0x00000010   Data   RO         2476    .constdata          NUemWin_CM4_Keil.lib(F16_ASCII.o)
    0x0000944c   0x0000944c   0x00000010   Data   RO         2477    .constdata          NUemWin_CM4_Keil.lib(F16_ASCII.o)
    0x0000945c   0x0000945c   0x00000020   Data   RO         2478    .constdata          NUemWin_CM4_Keil.lib(F16_ASCII.o)
    0x0000947c   0x0000947c   0x00000010   Data   RO         2479    .constdata          NUemWin_CM4_Keil.lib(F16_ASCII.o)
    0x0000948c   0x0000948c   0x00000010   Data   RO         2480    .constdata          NUemWin_CM4_Keil.lib(F16_ASCII.o)
    0x0000949c   0x0000949c   0x00000010   Data   RO         2481    .constdata          NUemWin_CM4_Keil.lib(F16_ASCII.o)
    0x000094ac   0x000094ac   0x00000010   Data   RO         2482    .constdata          NUemWin_CM4_Keil.lib(F16_ASCII.o)
    0x000094bc   0x000094bc   0x00000010   Data   RO         2483    .constdata          NUemWin_CM4_Keil.lib(F16_ASCII.o)
    0x000094cc   0x000094cc   0x00000010   Data   RO         2484    .constdata          NUemWin_CM4_Keil.lib(F16_ASCII.o)
    0x000094dc   0x000094dc   0x00000010   Data   RO         2485    .constdata          NUemWin_CM4_Keil.lib(F16_ASCII.o)
    0x000094ec   0x000094ec   0x00000300   Data   RO         2486    .constdata          NUemWin_CM4_Keil.lib(F16_ASCII.o)
    0x000097ec   0x000097ec   0x0000000c   Data   RO         2487    .constdata          NUemWin_CM4_Keil.lib(F16_ASCII.o)
    0x000097f8   0x000097f8   0x00000024   Data   RO         2488    .constdata          NUemWin_CM4_Keil.lib(F16_ASCII.o)
    0x0000981c   0x0000981c   0x00000518   Data   RO         2489    .constdata          NUemWin_CM4_Keil.lib(F6x8.o)
    0x00009d34   0x00009d34   0x000001c0   Data   RO         2490    .constdata          NUemWin_CM4_Keil.lib(F6x8.o)
    0x00009ef4   0x00009ef4   0x00000008   Data   RO         2491    .constdata          NUemWin_CM4_Keil.lib(F6x8.o)
    0x00009efc   0x00009efc   0x00000014   Data   RO         2492    .constdata          NUemWin_CM4_Keil.lib(F6x8.o)
    0x00009f10   0x00009f10   0x00000024   Data   RO         2493    .constdata          NUemWin_CM4_Keil.lib(F6x8.o)
    0x00009f34   0x00009f34   0x00000010   Data   RO         2588    .constdata          NUemWin_CM4_Keil.lib(GUI_UC_EncodeNone.o)
    0x00009f44   0x00009f44   0x00000020   Data   RO         2606    .constdata          NUemWin_CM4_Keil.lib(GUI__DivTbl.o)
    0x00009f64   0x00009f64   0x00000040   Data   RO         2607    .constdata          NUemWin_CM4_Keil.lib(GUI__DivTbl.o)
    0x00009fa4   0x00009fa4   0x00000100   Data   RO         2609    .constdata          NUemWin_CM4_Keil.lib(GUI__DivTbl.o)
    0x0000a0a4   0x0000a0a4   0x00000100   Data   RO         2610    .constdata          NUemWin_CM4_Keil.lib(GUI__DivTbl.o)
    0x0000a1a4   0x0000a1a4   0x0000000c   Data   RO         2696    .constdata          NUemWin_CM4_Keil.lib(LCD.o)
    0x0000a1b0   0x0000a1b0   0x00000074   Data   RO         2873    .constdata          NUemWin_CM4_Keil.lib(GUIDEV_16.o)
    0x0000a224   0x0000a224   0x00000018   Data   RO         3157    .constdata          NUemWin_CM4_Keil.lib(GUICC_0.o)
    0x0000a23c   0x0000a23c   0x00000100   Data   RO         3276    .constdata          NUemWin_CM4_Keil.lib(LCD_Mirror.o)
    0x0000a33c   0x0000a33c   0x00000008   Data   RO         3330    .constdata          NUemWin_CM4_Keil.lib(GUIDEV_WriteToActiveOpaque.o)
    0x0000a344   0x0000a344   0x00000028   Data   RO         3821    .constdata          c_w.l(_printf_hex_int.o)
    0x0000a36c   0x0000a36c   0x00000011   Data   RO         3851    .constdata          c_w.l(__printf_flags_wp.o)
    0x0000a37d   0x0000a37d   0x00000003   PAD
    0x0000a380   0x0000a380   0x00000094   Data   RO         3946    .constdata          c_w.l(bigflt0.o)
    0x0000a414   0x0000a414   0x00000020   Data   RO         4114    Region$$Table       anon$$obj.o
    0x0000a434   0x0000a434   0x0000001c   Data   RO         3970    locale$$data        c_w.l(lc_numeric_c.o)


    Execution Region RW_IRAM1 (Exec base: 0x20000000, Load base: 0x0000a450, Size: 0x00010ce0, Max: 0x00028000, ABSOLUTE, COMPRESSED[0x00000058])

    Exec Addr    Load Addr    Size         Type   Attr      Idx    E Section Name        Object

    0x20000000   COMPRESSED   0x00000029   Data   RW           10    .data               main.o
    0x20000029   COMPRESSED   0x00000001   Data   RW          984    .data               lcdconf.o
    0x2000002a   COMPRESSED   0x00000002   PAD
    0x2000002c   COMPRESSED   0x00000008   Data   RW         1664    .data               retarget.o
    0x20000034   COMPRESSED   0x0000002c   Data   RW         1752    .data               system_m480.o
    0x20000060   COMPRESSED   0x00000004   Data   RW         1834    .data               NUemWin_CM4_Keil.lib(GUI_Alloc.o)
    0x20000064   COMPRESSED   0x00000050   Data   RW         2073    .data               NUemWin_CM4_Keil.lib(GUI_Core.o)
    0x200000b4   COMPRESSED   0x00000004   Data   RW         2077    .data               NUemWin_CM4_Keil.lib(GUI_Core.o)
    0x200000b8   COMPRESSED   0x00000004   Data   RW         2078    .data               NUemWin_CM4_Keil.lib(GUI_Core.o)
    0x200000bc   COMPRESSED   0x00000001   Data   RW         2082    .data               NUemWin_CM4_Keil.lib(GUI_Core.o)
    0x200000bd   COMPRESSED   0x00000003   PAD
    0x200000c0   COMPRESSED   0x00000004   Data   RW         2084    .data               NUemWin_CM4_Keil.lib(GUI_Core.o)
    0x200000c4   COMPRESSED   0x00000002   Data   RW         2085    .data               NUemWin_CM4_Keil.lib(GUI_Core.o)
    0x200000c6   COMPRESSED   0x00000002   Data   RW         2086    .data               NUemWin_CM4_Keil.lib(GUI_Core.o)
    0x200000c8   COMPRESSED   0x0000001c   Data   RW         2285    .data               NUemWin_CM4_Keil.lib(GUIDRV_FlexColor.o)
    0x200000e4   COMPRESSED   0x00000008   Data   RW         2372    .data               NUemWin_CM4_Keil.lib(GUIDRV_FlexColor_Func66709.o)
    0x200000ec   COMPRESSED   0x00000004   Data   RW         2512    .data               NUemWin_CM4_Keil.lib(GUI_CharLine.o)
    0x200000f0   COMPRESSED   0x00000010   Data   RW         2558    .data               NUemWin_CM4_Keil.lib(GUI_OnKey.o)
    0x20000100   COMPRESSED   0x0000000c   Data   RW         2599    .data               NUemWin_CM4_Keil.lib(GUI_WaitEvent.o)
    0x2000010c   COMPRESSED   0x00000004   Data   RW         2630    .data               NUemWin_CM4_Keil.lib(GUI__Private.o)
    0x20000110   COMPRESSED   0x00000010   Data   RW         2631    .data               NUemWin_CM4_Keil.lib(GUI__Private.o)
    0x20000120   COMPRESSED   0x00000004   Data   RW         2697    .data               NUemWin_CM4_Keil.lib(LCD.o)
    0x20000124   COMPRESSED   0x00000014   Data   RW         2728    .data               NUemWin_CM4_Keil.lib(LCD_Color.o)
    0x20000138   COMPRESSED   0x00000008   Data   RW         2784    .data               NUemWin_CM4_Keil.lib(LCD_GetEx.o)
    0x20000140   COMPRESSED   0x00000050   Data   RW         2936    .data               NUemWin_CM4_Keil.lib(WM.o)
    0x20000190   COMPRESSED   0x00000014   Data   RW         3241    .data               NUemWin_CM4_Keil.lib(GUI__ManageCache.o)
    0x200001a4   COMPRESSED   0x0000002c   Data   RW         3363    .data               NUemWin_CM4_Keil.lib(WM_Touch.o)
    0x200001d0   COMPRESSED   0x00000004   Data   RW         3393    .data               NUemWin_CM4_Keil.lib(WM__Private.o)
    0x200001d4        -       0x00010000   Zero   RW          958    .bss                guiconf.o
    0x200101d4        -       0x000000cc   Zero   RW         1833    .bss                NUemWin_CM4_Keil.lib(GUI_Alloc.o)
    0x200102a0        -       0x0000006c   Zero   RW         2071    .bss                NUemWin_CM4_Keil.lib(GUI_Core.o)
    0x2001030c        -       0x00000058   Zero   RW         2557    .bss                NUemWin_CM4_Keil.lib(GUI_OnKey.o)
    0x20010364        -       0x00000018   Zero   RW         2934    .bss                NUemWin_CM4_Keil.lib(WM.o)
    0x2001037c        -       0x00000060   Zero   RW         3978    .bss                c_w.l(libspace.o)
    0x200103dc   COMPRESSED   0x00000004   PAD
    0x200103e0        -       0x00000100   Zero   RW         1741    HEAP                startup_m480.o
    0x200104e0        -       0x00000800   Zero   RW         1740    STACK               startup_m480.o


==============================================================================

Image component sizes


      Code (inc. data)   RO Data    RW Data    ZI Data      Debug   Object Name

       960         84          0          0          0      17865   clk.o
        40          6          0          0          0       1061   display.o
       404         24          0          0          0       1299   ebi.o
        40         12          0          0          0        831   fmc.o
        50          0          0          0          0       1031   gpio.o
         4          0          0          0          0        842   gui_x.o
        28          8          0          0      65536        507   guiconf.o
      1424        232          0          1          0       9453   lcdconf.o
       736        142          0         41          0      89969   main.o
       324        132          0          8          0       5368   retarget.o
       132         38        500          0       2304        880   startup_m480.o
       108         12          0          0          0      84343   system_init.o
       248         44          0         44          0       1839   system_m480.o
       204         22          0          0          0      34400   tmr.o

    ----------------------------------------------------------------------
      4704        756        532         96      67840     249688   Object Totals
         0          0         32          0          0          0   (incl. Generated)
         2          0          0          2          0          0   (incl. Padding)

    ----------------------------------------------------------------------

      Code (inc. data)   RO Data    RW Data    ZI Data      Debug   Library Member Name

         0          0       2720          0          0          0   F16_ASCII.o
         0          0       1816          0          0          0   F6x8.o
       224          0         24          0          0        388   GUICC_0.o
       382         36         24          0          0        644   GUICC_565.o
       104          4          0          0          0        256   GUIDEV.o
      3026         62        116          0          0       1584   GUIDEV_16.o
        28          0          0          0          0        128   GUIDEV_GetDataPtr.o
        76          0          0          0          0        260   GUIDEV_Usage.o
      2076         14          8          0          0        168   GUIDEV_WriteToActiveOpaque.o
      1740         90        116         28          0       5800   GUIDRV_FlexColor.o
      1724         42          0          0          0        676   GUIDRV_FlexColor_16bpp_C0B16.o
      1344         84          0          8          0       2336   GUIDRV_FlexColor_Func66709.o
      1870         84          0          4        204       1920   GUI_Alloc.o
       100         22          0          0          0        464   GUI_Char.o
       674         34          0          4          0        548   GUI_CharLine.o
       398         10          0          0          0        492   GUI_CharM.o
       378         10          0          0          0        532   GUI_CharP.o
       384         26          0          0          0       1428   GUI_Common.o
       544         84          8         97        108        632   GUI_Core.o
       380         24          0          0          0        612   GUI_Device.o
       276          8          0          0          0        264   GUI_DispString.o
        20          6          0         16         88        116   GUI_OnKey.o
        36          6          0          0          0        128   GUI_SelectLayer.o
        88         12          0          0          0        264   GUI_UC.o
        18          0         16          0          0        464   GUI_UC_EncodeNone.o
        16          4          0         12          0        116   GUI_WaitEvent.o
       396          0          0          0          0        140   GUI__CompactPixelIndices.o
         0          0        608          0          0          0   GUI__DivTbl.o
       248         10          0         20          0        252   GUI__ManageCache.o
       314          0          0         20          0        380   GUI__Private.o
      1976        142         12          4          0       2216   LCD.o
       332         38          0         20          0        520   LCD_Color.o
        32         12          0          0          0        232   LCD_GetColorIndex.o
       434         40          0          8          0       1580   LCD_GetEx.o
        20          0          0          0          0        124   LCD_GetNumDisplays.o
         0          0        256          0          0          0   LCD_Mirror.o
        72         10          0          0          0        128   LCD_SelectLCD.o
       132          0          0          0          0        396   LCD_Set.o
        52         10          0          0          0        132   LCD_SetClipRectEx.o
        36          4          0          0          0        128   LCD_UpdateColorIndices.o
      3726        156          0         80         24       2920   WM.o
       222          6          0          0          0        644   WM_Lib.o
         0          0          0         44          0          0   WM_Touch.o
       156         10          0          4          0        508   WM__Private.o
        90          0          0          0          0          0   __dczerorl2.o
         8          0          0          0          0         68   __main.o
       312          4         17          0          0         92   __printf_flags_wp.o
        14          0          0          0          0         68   __printf_wp.o
         0          0          0          0          0          0   __rtentry.o
        12          0          0          0          0          0   __rtentry2.o
         6          0          0          0          0          0   __rtentry4.o
        52          8          0          0          0          0   __scatter.o
        28          0          0          0          0          0   __scatter_zi.o
        48          6          0          0          0         96   _printf_char_common.o
        36          4          0          0          0         80   _printf_char_file.o
         6          0          0          0          0          0   _printf_d.o
       120         16          0          0          0         92   _printf_dec.o
         6          0          0          0          0          0   _printf_f.o
      1054          0          0          0          0        216   _printf_fp_dec.o
       128         16          0          0          0         84   _printf_fp_infnan.o
        88          4         40          0          0         88   _printf_hex_int.o
       178          0          0          0          0         88   _printf_intcommon.o
        78          0          0          0          0        108   _printf_pad.o
         0          0          0          0          0          0   _printf_percent.o
         4          0          0          0          0          0   _printf_percent_end.o
         6          0          0          0          0          0   _printf_x.o
        10          0          0          0          0         68   _sputc.o
       228          4        148          0          0         96   bigflt0.o
      1936        128          0          0          0        672   btod.o
        18          0          0          0          0         80   exit.o
         6          0          0          0          0        152   heapauxi.o
         0          0          0          0          0          0   indicate_semi.o
        44         10         28          0          0         76   lc_numeric_c.o
         2          0          0          0          0          0   libinit.o
        22          0          0          0          0          0   libinit2.o
         2          0          0          0          0          0   libshutdown.o
         2          0          0          0          0          0   libshutdown2.o
         8          4          0          0         96         68   libspace.o
       138          0          0          0          0         80   lludiv10.o
         8          0          0          0          0         76   memcpy.o
        22          0          0          0          0         76   memset.o
        24          4          0          0          0         84   noretval__2printf.o
        40          6          0          0          0         84   noretval__2sprintf.o
         8          4          0          0          0         68   rt_locale_intlibspace.o
        68          0          0          0          0         68   rt_memclr.o
        78          0          0          0          0         80   rt_memclr_w.o
       138          0          0          0          0         68   rt_memcpy_v6.o
       100          0          0          0          0         80   rt_memcpy_w.o
       132          0          0          0          0         68   rt_memmove_v6.o
       122          0          0          0          0         80   rt_memmove_w.o
         2          0          0          0          0          0   rtexit.o
        10          0          0          0          0          0   rtexit2.o
       128          0          0          0          0         68   strcmpv7m.o
        72          0          0          0          0         80   strcpy.o
        62          0          0          0          0         76   strlen.o
        12          4          0          0          0         68   sys_exit.o
        74          0          0          0          0         80   sys_stackheap_outer.o
         2          0          0          0          0         68   use_no_semi.o
       688        140          0          0          0        256   ddiv.o
        38          0          0          0          0        116   dflt_clz.o
       156          4          0          0          0        140   dnaninf.o
        12          0          0          0          0        116   dretinf.o
        10          0          0          0          0        116   fpinit.o
         4          0          0          0          0        116   printf1.o
         0          0          0          0          0          0   usenofp.o
        48          0          0          0          0        124   fpclassify.o

    ----------------------------------------------------------------------
     30868       1466       5960        372        524      35148   Library Totals
        66          0          3          3          4          0   (incl. Padding)

    ----------------------------------------------------------------------

      Code (inc. data)   RO Data    RW Data    ZI Data      Debug   Library Name

     24054       1100       5724        369        424      30520   NUemWin_CM4_Keil.lib
      5792        222        233          0         96       3644   c_w.l
       908        144          0          0          0        860   fz_wm.l
        48          0          0          0          0        124   m_wm.l

    ----------------------------------------------------------------------
     30868       1466       5960        372        524      35148   Library Totals

    ----------------------------------------------------------------------

==============================================================================


      Code (inc. data)   RO Data    RW Data    ZI Data      Debug   

     35572       2222       6492        468      68364     254556   Grand Totals
     35572       2222       6492         88      68364     254556   ELF Image Totals (compressed)
     35572       2222       6492         88          0          0   ROM Totals

==============================================================================

    Total RO  Size (Code + RO Data)                42064 (  41.08kB)
    Total RW  Size (RW Data + ZI Data)             68832 (  67.22kB)
    Total ROM Size (Code + RO Data + RW Data)      42152 (  41.16kB)

==============================================================================

